<html>
<body>
<pre>
<h1>µVision Build Log</h1>
<h2>Project:</h2>
C:\Users\Diondre\Documents\GitHub\EE319K_Game\SpaceInvaders.uvproj
Project File Date:  11/30/2020

<h2>Output:</h2>
Build target 'SpaceInvaders'
linking...
Program Size: Code=5712 RO-data=18244 RW-data=96 ZI-data=1344  
".\SpaceInvaders.axf" - 0 Error(s), 0 Warning(s).
ers.c...
compiling ST7735.c...
compiling PLL.c...
linking...
Program Size: Code=5712 RO-data=18244 RW-data=96 ZI-data=1344  
".\SpaceInvaders.axf" - 0 Error(s), 0 Warning(s).
