<html>
<body>
<pre>
<h1>µVision Build Log</h1>
<h2>Project:</h2>
C:\Users\Diondre\Documents\GitHub\EE319K_Game\SpaceInvaders.uvproj
Project File Date:  11/30/2020

<h2>Output:</h2>
Build target 'SpaceInvaders'
linking...
Program Size: Code=5836 RO-data=18244 RW-data=96 ZI-data=1344  
".\SpaceInvaders.axf" - 0 Error(s), 0 Warning(s).
 - 0 Error(s), 0 Warning(s).
Load "C:\\Users\\Diondre\\Documents\\GitHub\\EE319K_Game\\SpaceInvaders.axf" 
Connecting: Mode=JTAG, Speed=1000000Hz
Erase Done.
Programming Done.
Verify OK.
rror(s), 0 Warning(s).
Target not created
C:\\Users\\Diondre\\Documents\\GitHub\\EE319K_Game\\SpaceInvaders.axf" 
_____^
*** error 56: cannot open file
Error: Flash Download failed  -  Could not load file 'C:\Users\Diondre\Documents\GitHub\EE319K_Game\SpaceInvaders.axf'
arnings, 1 error
".\SpaceInvaders.axf" - 1 Error(s), 4 Warning(s).
Target not created
         // set screen to black
SpaceInvaders.c(431): error:  #147: declaration is incompatible with "void ST7735_FillScreen(uint16_t)" (declared at line 190 of "ST7735.h")
    ST7735_FillScreen(0x0000);            // set screen to black
SpaceInvaders.c(432): error:  #79: expected a type specifier
    ST7735_SetCursor(1, 1);
SpaceInvaders.c(432): error:  #79: expected a type specifier
    ST7735_SetCursor(1, 1);
SpaceInvaders.c(432): error:  #260-D: explicit type is missing ("int" assumed)
    ST7735_SetCursor(1, 1);
SpaceInvaders.c(432): error:  #147: declaration is incompatible with "void ST7735_SetCursor(uint32_t, uint32_t)" (declared at line 313 of "ST7735.h")
    ST7735_SetCursor(1, 1);
SpaceInvaders.c(433): error:  #79: expected a type specifier
    ST7735_OutString("GAME OVER");
SpaceInvaders.c(433): error:  #260-D: explicit type is missing ("int" assumed)
    ST7735_OutString("GAME OVER");
SpaceInvaders.c(433): error:  #147: declaration is incompatible with "void ST7735_OutString(char *)" (declared at line 463 of "ST7735.h")
    ST7735_OutString("GAME OVER");
SpaceInvaders.c(434): error:  #79: expected a type specifier
    ST7735_SetCursor(1, 2);
SpaceInvaders.c(434): error:  #79: expected a type specifier
    ST7735_SetCursor(1, 2);
SpaceInvaders.c(434): error:  #260-D: explicit type is missing ("int" assumed)
    ST7735_SetCursor(1, 2);
SpaceInvaders.c(435): error:  #79: expected a type specifier
        ST7735_OutString("Your Score:");
SpaceInvaders.c(435): error:  #260-D: explicit type is missing ("int" assumed)
        ST7735_OutString("Your Score:");
SpaceInvaders.c(436): error:  #79: expected a type specifier
    ST7735_SetCursor(2, 3);
SpaceInvaders.c(436): error:  #79: expected a type specifier
    ST7735_SetCursor(2, 3);
SpaceInvaders.c(436): error:  #260-D: explicit type is missing ("int" assumed)
    ST7735_SetCursor(2, 3);
SpaceInvaders.c(437): error:  #260-D: explicit type is missing ("int" assumed)
    LCD_OutUDec(score);
SpaceInvaders.c(437): error:  #92: identifier-list parameters may only be used in a function definition
    LCD_OutUDec(score);
SpaceInvaders.c(437): error:  #147: declaration is incompatible with "void LCD_OutUDec(unsigned long)" (declared at line 78)
    LCD_OutUDec(score);
SpaceInvaders.c(438): error:  #169: expected a declaration
    while(1){
SpaceInvaders.c(465): warning:  #12-D: parsing restarts here after previous syntax error
  void PortF_Init(void);
SpaceInvaders.c(470): warning:  #223-D: function "PortF_Init" declared implicitly
        PortF_Init();
SpaceInvaders.c(488): error:  #159: declaration is incompatible with previous "PortF_Init" (declared at line 470)
  void PortF_Init(void){ volatile unsigned long delay;
SpaceInvaders.c: 4 warnings, 25 errors
".\SpaceInvaders.axf" - 25 Error(s), 4 Warning(s).
Target not created
Error: Could not load file 'C:\Users\Diondre\Documents\GitHub\EE319K_Game\SpaceInvaders.axf'. Debugger aborted !
