<html>
<body>
<pre>
<h1>µVision Build Log</h1>
<h2>Project:</h2>
C:\Users\benhu\Documents\GitHub\EE319K_Game\SpaceInvaders.uvproj
Project File Date:  11/19/2020

<h2>Output:</h2>
Build target 'SpaceInvaders'
compiling DAC.c...
linking...
Program Size: Code=4180 RO-data=5400 RW-data=68 ZI-data=1124  
".\SpaceInvaders.axf" - 0 Error(s), 0 Warning(s).
ling Timer0.c...
compiling Timer1.c...
compiling Sound.c...
assembling Print.s...
compiling SpaceInvaders.c...
compiling ST7735.c...
compiling PLL.c...
linking...
Program Size: Code=4180 RO-data=5400 RW-data=68 ZI-data=1124  
".\SpaceInvaders.axf" - 0 Error(s), 1 Warning(s).
