<html>
<body>
<pre>
<h1>µVision Build Log</h1>
<h2>Project:</h2>
C:\Users\benhu\Documents\GitHub\EE319K_Game\SpaceInvaders.uvproj
Project File Date:  11/20/2020

<h2>Output:</h2>
Build target 'SpaceInvaders'
assembling startup.s...
assembling random.s...
compiling DAC.c...
compiling ADC.c...
compiling Timer0.c...
compiling Timer1.c...
compiling Sound.c...
assembling Print.s...
compiling SpaceInvaders.c...
compiling ST7735.c...
compiling PLL.c...
linking...
Program Size: Code=4876 RO-data=5720 RW-data=76 ZI-data=1844  
".\SpaceInvaders.axf" - 0 Error(s), 0 Warning(s).
</pre>
</body>
</html>
