<html>
<body>
<pre>
<h1>µVision Build Log</h1>
<h2>Project:</h2>
C:\Users\Diondre\Documents\GitHub\EE319K_Game\SpaceInvaders.uvproj
Project File Date:  11/30/2020

<h2>Output:</h2>
Build target 'SpaceInvaders'
compiling SpaceInvaders.c...
linking...
Program Size: Code=6168 RO-data=18244 RW-data=104 ZI-data=1344  
".\SpaceInvaders.axf" - 0 Error(s), 0 Warning(s).
ments\\GitHub\\EE319K_Game\\SpaceInvaders.axf" 
Connecting: Mode=JTAG, Speed=1000000Hz
Erase Done.
Programming Done.
Verify OK.
g(s).
Target not created
 image (39696 bytes) exceeds the maximum allowed for this version of the linker
Finished: 0 information, 0 warning, 0 error and 1 fatal error messages.
".\SpaceInvaders.axf" - 1 Error(s), 0 Warning(s).
Target not created
EE319K_Game\SpaceInvaders.axf'
