ARM Linker, 5.03 [Build 76] [MDK-ARM Lite]

==============================================================================

Section Cross References

    startup.o(STACK) refers (Special) to heapauxi.o(.text) for __use_two_region_memory
    startup.o(HEAP) refers (Special) to heapauxi.o(.text) for __use_two_region_memory
    startup.o(RESET) refers (Special) to heapauxi.o(.text) for __use_two_region_memory
    startup.o(RESET) refers to startup.o(STACK) for StackMem
    startup.o(RESET) refers to spaceinvaders.o(i.SysTick_Handler) for SysTick_Handler
    startup.o(RESET) refers to timer0.o(i.Timer0A_Handler) for Timer0A_Handler
    startup.o(RESET) refers to timer1.o(i.Timer1A_Handler) for Timer1A_Handler
    startup.o(RESET) refers to __main.o(!!!main) for __main
    startup.o(.text) refers (Special) to heapauxi.o(.text) for __use_two_region_memory
    startup.o(.text) refers to startup.o(HEAP) for HeapMem
    startup.o(.text) refers to startup.o(STACK) for StackMem
    random.o(.text) refers to random.o(DATA) for M
    timer0.o(i.Timer0A_Handler) refers to timer0.o(.data) for PeriodicTask0
    timer0.o(i.Timer0_Init) refers to timer0.o(.data) for PeriodicTask0
    timer1.o(i.Timer1A_Handler) refers to timer1.o(.data) for PeriodicTask1
    timer1.o(i.Timer1_Init) refers to timer1.o(.data) for PeriodicTask1
    sound.o(i.SoundTask) refers to dac.o(i.DAC_Out) for DAC_Out
    sound.o(i.SoundTask) refers to sound.o(.data) for Length
    sound.o(i.Sound_Collected) refers to sound.o(i.Sound_Play) for Sound_Play
    sound.o(i.Sound_Collected) refers to sound.o(.constdata) for collected
    sound.o(i.Sound_Init) refers to dac.o(i.DAC_Init) for DAC_Init
    sound.o(i.Sound_Init) refers to timer0.o(i.Timer0_Init) for Timer0_Init
    sound.o(i.Sound_Init) refers to sound.o(.data) for Length
    sound.o(i.Sound_Init) refers to sound.o(i.SoundTask) for SoundTask
    sound.o(i.Sound_Jump) refers to sound.o(i.Sound_Play) for Sound_Play
    sound.o(i.Sound_Jump) refers to sound.o(.constdata) for jump
    sound.o(i.Sound_Play) refers to sound.o(.data) for Length
    print.o(.text) refers to print.o(DATA) for String
    spaceinvaders.o(i.ADC) refers to spaceinvaders.o(.data) for ADCflag
    spaceinvaders.o(i.GameDraw) refers to st7735.o(i.ST7735_DrawBitmap) for ST7735_DrawBitmap
    spaceinvaders.o(i.GameDraw) refers to spaceinvaders.o(.bss) for Virus
    spaceinvaders.o(i.GameDraw) refers to spaceinvaders.o(.data) for lives
    spaceinvaders.o(i.GameInit) refers to spaceinvaders.o(.data) for moveflag
    spaceinvaders.o(i.GameInit) refers to spaceinvaders.o(.bss) for Virus
    spaceinvaders.o(i.GameInit) refers to spaceinvaders.o(.constdata) for COVID_model
    spaceinvaders.o(i.GameMove) refers to spaceinvaders.o(i.Random250) for Random250
    spaceinvaders.o(i.GameMove) refers to spaceinvaders.o(i.Collision) for Collision
    spaceinvaders.o(i.GameMove) refers to sound.o(i.Sound_Collected) for Sound_Collected
    spaceinvaders.o(i.GameMove) refers to adc.o(i.ADC0_In) for ADC0_In
    spaceinvaders.o(i.GameMove) refers to sound.o(i.Sound_Jump) for Sound_Jump
    spaceinvaders.o(i.GameMove) refers to spaceinvaders.o(.bss) for Virus
    spaceinvaders.o(i.GameMove) refers to spaceinvaders.o(.data) for random
    spaceinvaders.o(i.GameMove) refers to spaceinvaders.o(.constdata) for valvano_jumping
    spaceinvaders.o(i.LCD_OutDistance) refers to print.o(.text) for ConvertDistance
    spaceinvaders.o(i.LCD_OutDistance) refers to st7735.o(i.ST7735_OutString) for ST7735_OutString
    spaceinvaders.o(i.LCD_OutDistance) refers to print.o(DATA) for String
    spaceinvaders.o(i.LCD_OutUDec) refers to print.o(.text) for ConvertUDec
    spaceinvaders.o(i.LCD_OutUDec) refers to st7735.o(i.ST7735_OutString) for ST7735_OutString
    spaceinvaders.o(i.LCD_OutUDec) refers to print.o(DATA) for String
    spaceinvaders.o(i.Random250) refers to random.o(.text) for Random
    spaceinvaders.o(i.SysTick_Handler) refers to spaceinvaders.o(i.GameMove) for GameMove
    spaceinvaders.o(i.SysTick_Handler) refers to spaceinvaders.o(.data) for moveflag
    spaceinvaders.o(i.main) refers to startup.o(.text) for DisableInterrupts
    spaceinvaders.o(i.main) refers to pll.o(i.PLL_Init) for PLL_Init
    spaceinvaders.o(i.main) refers to st7735.o(i.Output_Init) for Output_Init
    spaceinvaders.o(i.main) refers to adc.o(i.ADC0_Init) for ADC0_Init
    spaceinvaders.o(i.main) refers to spaceinvaders.o(i.PortE_Init) for PortE_Init
    spaceinvaders.o(i.main) refers to random.o(.text) for Random_Init
    spaceinvaders.o(i.main) refers to spaceinvaders.o(i.SysTickInit) for SysTickInit
    spaceinvaders.o(i.main) refers to sound.o(i.Sound_Init) for Sound_Init
    spaceinvaders.o(i.main) refers to timer1.o(i.Timer1_Init) for Timer1_Init
    spaceinvaders.o(i.main) refers to st7735.o(i.ST7735_FillScreen) for ST7735_FillScreen
    spaceinvaders.o(i.main) refers to st7735.o(i.ST7735_SetCursor) for ST7735_SetCursor
    spaceinvaders.o(i.main) refers to st7735.o(i.ST7735_OutString) for ST7735_OutString
    spaceinvaders.o(i.main) refers to spaceinvaders.o(i.GameInit) for GameInit
    spaceinvaders.o(i.main) refers to spaceinvaders.o(i.Delay100ms) for Delay100ms
    spaceinvaders.o(i.main) refers to spaceinvaders.o(i.LCD_OutUDec) for LCD_OutUDec
    spaceinvaders.o(i.main) refers to spaceinvaders.o(i.GameDraw) for GameDraw
    spaceinvaders.o(i.main) refers to spaceinvaders.o(i.ADC) for ADC
    spaceinvaders.o(i.main) refers to spaceinvaders.o(.data) for language
    st7735.o(i.Output_Clear) refers to st7735.o(i.ST7735_FillScreen) for ST7735_FillScreen
    st7735.o(i.Output_Color) refers to st7735.o(i.ST7735_SetTextColor) for ST7735_SetTextColor
    st7735.o(i.Output_Init) refers to st7735.o(i.ST7735_InitR) for ST7735_InitR
    st7735.o(i.Output_Init) refers to st7735.o(i.ST7735_FillScreen) for ST7735_FillScreen
    st7735.o(i.Output_Off) refers to st7735.o(i.Output_Clear) for Output_Clear
    st7735.o(i.Output_On) refers to st7735.o(i.Output_Init) for Output_Init
    st7735.o(i.ST7735_DrawBitmap) refers to st7735.o(i.setAddrWindow) for setAddrWindow
    st7735.o(i.ST7735_DrawBitmap) refers to st7735.o(i.writedata) for writedata
    st7735.o(i.ST7735_DrawBitmap) refers to st7735.o(.data) for _width
    st7735.o(i.ST7735_DrawChar) refers to st7735.o(i.setAddrWindow) for setAddrWindow
    st7735.o(i.ST7735_DrawChar) refers to st7735.o(i.pushColor) for pushColor
    st7735.o(i.ST7735_DrawChar) refers to st7735.o(.data) for _width
    st7735.o(i.ST7735_DrawChar) refers to st7735.o(.constdata) for Font
    st7735.o(i.ST7735_DrawCharS) refers to st7735.o(i.ST7735_DrawPixel) for ST7735_DrawPixel
    st7735.o(i.ST7735_DrawCharS) refers to st7735.o(i.ST7735_FillRect) for ST7735_FillRect
    st7735.o(i.ST7735_DrawCharS) refers to st7735.o(.data) for _width
    st7735.o(i.ST7735_DrawCharS) refers to st7735.o(.constdata) for Font
    st7735.o(i.ST7735_DrawCircle) refers to st7735.o(i.setAddrWindow) for setAddrWindow
    st7735.o(i.ST7735_DrawCircle) refers to st7735.o(i.writedata) for writedata
    st7735.o(i.ST7735_DrawCircle) refers to st7735.o(i.deselect) for deselect
    st7735.o(i.ST7735_DrawCircle) refers to st7735.o(.data) for _width
    st7735.o(i.ST7735_DrawCircle) refers to st7735.o(.constdata) for circle
    st7735.o(i.ST7735_DrawFastHLine) refers to st7735.o(i.setAddrWindow) for setAddrWindow
    st7735.o(i.ST7735_DrawFastHLine) refers to st7735.o(i.writedata) for writedata
    st7735.o(i.ST7735_DrawFastHLine) refers to st7735.o(.data) for _width
    st7735.o(i.ST7735_DrawFastVLine) refers to st7735.o(i.setAddrWindow) for setAddrWindow
    st7735.o(i.ST7735_DrawFastVLine) refers to st7735.o(i.writedata) for writedata
    st7735.o(i.ST7735_DrawFastVLine) refers to st7735.o(.data) for _width
    st7735.o(i.ST7735_DrawPixel) refers to st7735.o(i.setAddrWindow) for setAddrWindow
    st7735.o(i.ST7735_DrawPixel) refers to st7735.o(i.pushColor) for pushColor
    st7735.o(i.ST7735_DrawPixel) refers to st7735.o(.data) for _width
    st7735.o(i.ST7735_DrawSmallCircle) refers to st7735.o(i.setAddrWindow) for setAddrWindow
    st7735.o(i.ST7735_DrawSmallCircle) refers to st7735.o(i.writedata) for writedata
    st7735.o(i.ST7735_DrawSmallCircle) refers to st7735.o(i.deselect) for deselect
    st7735.o(i.ST7735_DrawSmallCircle) refers to st7735.o(.data) for _width
    st7735.o(i.ST7735_DrawSmallCircle) refers to st7735.o(.constdata) for smallCircle
    st7735.o(i.ST7735_DrawString) refers to st7735.o(i.ST7735_DrawCharS) for ST7735_DrawCharS
    st7735.o(i.ST7735_FillRect) refers to st7735.o(i.setAddrWindow) for setAddrWindow
    st7735.o(i.ST7735_FillRect) refers to st7735.o(i.writedata) for writedata
    st7735.o(i.ST7735_FillRect) refers to st7735.o(.data) for _width
    st7735.o(i.ST7735_FillScreen) refers to st7735.o(i.ST7735_FillRect) for ST7735_FillRect
    st7735.o(i.ST7735_FillScreen) refers to st7735.o(.data) for _height
    st7735.o(i.ST7735_InitB) refers to st7735.o(i.commonInit) for commonInit
    st7735.o(i.ST7735_InitB) refers to st7735.o(i.ST7735_SetCursor) for ST7735_SetCursor
    st7735.o(i.ST7735_InitB) refers to st7735.o(i.ST7735_FillScreen) for ST7735_FillScreen
    st7735.o(i.ST7735_InitB) refers to st7735.o(.constdata) for Bcmd
    st7735.o(i.ST7735_InitB) refers to st7735.o(.data) for StTextColor
    st7735.o(i.ST7735_InitR) refers to st7735.o(i.commonInit) for commonInit
    st7735.o(i.ST7735_InitR) refers to st7735.o(i.commandList) for commandList
    st7735.o(i.ST7735_InitR) refers to st7735.o(i.writecommand) for writecommand
    st7735.o(i.ST7735_InitR) refers to st7735.o(i.writedata) for writedata
    st7735.o(i.ST7735_InitR) refers to st7735.o(i.ST7735_SetCursor) for ST7735_SetCursor
    st7735.o(i.ST7735_InitR) refers to st7735.o(i.ST7735_FillScreen) for ST7735_FillScreen
    st7735.o(i.ST7735_InitR) refers to st7735.o(.constdata) for Rcmd1
    st7735.o(i.ST7735_InitR) refers to st7735.o(.data) for ColStart
    st7735.o(i.ST7735_InvertDisplay) refers to st7735.o(i.writecommand) for writecommand
    st7735.o(i.ST7735_OutChar) refers to st7735.o(i.ST7735_DrawString) for ST7735_DrawString
    st7735.o(i.ST7735_OutChar) refers to st7735.o(i.ST7735_DrawCharS) for ST7735_DrawCharS
    st7735.o(i.ST7735_OutChar) refers to st7735.o(.data) for StY
    st7735.o(i.ST7735_OutString) refers to st7735.o(i.ST7735_OutChar) for ST7735_OutChar
    st7735.o(i.ST7735_OutUDec) refers to st7735.o(i.fillmessage) for fillmessage
    st7735.o(i.ST7735_OutUDec) refers to st7735.o(i.ST7735_DrawString) for ST7735_DrawString
    st7735.o(i.ST7735_OutUDec) refers to st7735.o(i.ST7735_DrawCharS) for ST7735_DrawCharS
    st7735.o(i.ST7735_OutUDec) refers to st7735.o(.data) for Messageindex
    st7735.o(i.ST7735_OutUDec) refers to st7735.o(.bss) for Message
    st7735.o(i.ST7735_PlotBar) refers to st7735.o(i.ST7735_DrawFastVLine) for ST7735_DrawFastVLine
    st7735.o(i.ST7735_PlotBar) refers to st7735.o(.data) for Ymin
    st7735.o(i.ST7735_PlotClear) refers to st7735.o(i.ST7735_Color565) for ST7735_Color565
    st7735.o(i.ST7735_PlotClear) refers to st7735.o(i.ST7735_FillRect) for ST7735_FillRect
    st7735.o(i.ST7735_PlotClear) refers to st7735.o(.data) for Ymax
    st7735.o(i.ST7735_PlotLine) refers to st7735.o(i.ST7735_DrawPixel) for ST7735_DrawPixel
    st7735.o(i.ST7735_PlotLine) refers to st7735.o(.data) for Ymin
    st7735.o(i.ST7735_PlotNext) refers to st7735.o(.data) for X
    st7735.o(i.ST7735_PlotNextErase) refers to st7735.o(i.ST7735_Color565) for ST7735_Color565
    st7735.o(i.ST7735_PlotNextErase) refers to st7735.o(i.ST7735_DrawFastVLine) for ST7735_DrawFastVLine
    st7735.o(i.ST7735_PlotNextErase) refers to st7735.o(.data) for X
    st7735.o(i.ST7735_PlotPoint) refers to st7735.o(i.ST7735_DrawPixel) for ST7735_DrawPixel
    st7735.o(i.ST7735_PlotPoint) refers to st7735.o(.data) for Ymin
    st7735.o(i.ST7735_PlotPoints) refers to st7735.o(i.ST7735_DrawPixel) for ST7735_DrawPixel
    st7735.o(i.ST7735_PlotPoints) refers to st7735.o(.data) for Ymin
    st7735.o(i.ST7735_PlotdBfs) refers to st7735.o(i.ST7735_DrawFastVLine) for ST7735_DrawFastVLine
    st7735.o(i.ST7735_PlotdBfs) refers to st7735.o(.constdata) for dBfs
    st7735.o(i.ST7735_PlotdBfs) refers to st7735.o(.data) for X
    st7735.o(i.ST7735_SetCursor) refers to st7735.o(.data) for StX
    st7735.o(i.ST7735_SetRotation) refers to st7735.o(i.writecommand) for writecommand
    st7735.o(i.ST7735_SetRotation) refers to st7735.o(i.writedata) for writedata
    st7735.o(i.ST7735_SetRotation) refers to st7735.o(.data) for Rotation
    st7735.o(i.ST7735_SetTextColor) refers to st7735.o(.data) for StTextColor
    st7735.o(i.commandList) refers to st7735.o(i.writecommand) for writecommand
    st7735.o(i.commandList) refers to st7735.o(i.writedata) for writedata
    st7735.o(i.commandList) refers to st7735.o(i.Delay1ms) for Delay1ms
    st7735.o(i.commonInit) refers to st7735.o(i.Delay1ms) for Delay1ms
    st7735.o(i.commonInit) refers to st7735.o(i.commandList) for commandList
    st7735.o(i.commonInit) refers to st7735.o(.data) for RowStart
    st7735.o(i.fillmessage) refers to st7735.o(.bss) for Message
    st7735.o(i.fillmessage) refers to st7735.o(.data) for Messageindex
    st7735.o(i.fputc) refers to st7735.o(i.ST7735_OutChar) for ST7735_OutChar
    st7735.o(i.pushColor) refers to st7735.o(i.writedata) for writedata
    st7735.o(i.setAddrWindow) refers to st7735.o(i.writecommand) for writecommand
    st7735.o(i.setAddrWindow) refers to st7735.o(i.writedata) for writedata
    st7735.o(i.setAddrWindow) refers to st7735.o(.data) for ColStart
    __main.o(!!!main) refers to rtentry.o(.ARM.Collect$$rtentry$$00000000) for __rt_entry
    rtentry.o(.ARM.Collect$$rtentry$$00000000) refers (Special) to rtentry2.o(.ARM.Collect$$rtentry$$0000000A) for __rt_entry_li
    rtentry.o(.ARM.Collect$$rtentry$$00000000) refers (Special) to rtentry2.o(.ARM.Collect$$rtentry$$0000000D) for __rt_entry_main
    rtentry.o(.ARM.Collect$$rtentry$$00000000) refers (Special) to rtentry2.o(.ARM.Collect$$rtentry$$0000000C) for __rt_entry_postli_1
    rtentry.o(.ARM.Collect$$rtentry$$00000000) refers (Special) to rtentry2.o(.ARM.Collect$$rtentry$$00000009) for __rt_entry_postsh_1
    rtentry.o(.ARM.Collect$$rtentry$$00000000) refers (Special) to rtentry2.o(.ARM.Collect$$rtentry$$00000002) for __rt_entry_presh_1
    rtentry.o(.ARM.Collect$$rtentry$$00000000) refers (Special) to rtentry4.o(.ARM.Collect$$rtentry$$00000004) for __rt_entry_sh
    rtentry2.o(.ARM.Collect$$rtentry$$00000008) refers to boardinit2.o(.text) for _platform_post_stackheap_init
    rtentry2.o(.ARM.Collect$$rtentry$$0000000A) refers to libinit.o(.ARM.Collect$$libinit$$00000000) for __rt_lib_init
    rtentry2.o(.ARM.Collect$$rtentry$$0000000B) refers to boardinit3.o(.text) for _platform_post_lib_init
    rtentry2.o(.ARM.Collect$$rtentry$$0000000D) refers to spaceinvaders.o(i.main) for main
    rtentry2.o(.ARM.Collect$$rtentry$$0000000D) refers to exit.o(.text) for exit
    rtentry2.o(.ARM.exidx) refers to rtentry2.o(.ARM.Collect$$rtentry$$00000001) for .ARM.Collect$$rtentry$$00000001
    rtentry2.o(.ARM.exidx) refers to rtentry2.o(.ARM.Collect$$rtentry$$00000008) for .ARM.Collect$$rtentry$$00000008
    rtentry2.o(.ARM.exidx) refers to rtentry2.o(.ARM.Collect$$rtentry$$0000000A) for .ARM.Collect$$rtentry$$0000000A
    rtentry2.o(.ARM.exidx) refers to rtentry2.o(.ARM.Collect$$rtentry$$0000000B) for .ARM.Collect$$rtentry$$0000000B
    rtentry2.o(.ARM.exidx) refers to rtentry2.o(.ARM.Collect$$rtentry$$0000000D) for .ARM.Collect$$rtentry$$0000000D
    rtentry4.o(.ARM.Collect$$rtentry$$00000004) refers to sys_stackheap_outer.o(.text) for __user_setup_stackheap
    rtentry4.o(.ARM.exidx) refers to rtentry4.o(.ARM.Collect$$rtentry$$00000004) for .ARM.Collect$$rtentry$$00000004
    sys_stackheap_outer.o(.text) refers to libspace.o(.text) for __user_perproc_libspace
    sys_stackheap_outer.o(.text) refers to startup.o(.text) for __user_initial_stackheap
    exit.o(.text) refers to rtexit.o(.ARM.Collect$$rtexit$$00000000) for __rt_exit
    libinit.o(.ARM.Collect$$libinit$$00000000) refers (Special) to libinit2.o(.ARM.Collect$$libinit$$0000002C) for __rt_lib_init_alloca_1
    libinit.o(.ARM.Collect$$libinit$$00000000) refers (Special) to libinit2.o(.ARM.Collect$$libinit$$0000002A) for __rt_lib_init_argv_1
    libinit.o(.ARM.Collect$$libinit$$00000000) refers (Special) to libinit2.o(.ARM.Collect$$libinit$$00000019) for __rt_lib_init_atexit_1
    libinit.o(.ARM.Collect$$libinit$$00000000) refers (Special) to libinit2.o(.ARM.Collect$$libinit$$0000001F) for __rt_lib_init_clock_1
    libinit.o(.ARM.Collect$$libinit$$00000000) refers (Special) to libinit2.o(.ARM.Collect$$libinit$$00000030) for __rt_lib_init_cpp_1
    libinit.o(.ARM.Collect$$libinit$$00000000) refers (Special) to libinit2.o(.ARM.Collect$$libinit$$0000002E) for __rt_lib_init_exceptions_1
    libinit.o(.ARM.Collect$$libinit$$00000000) refers (Special) to libinit2.o(.ARM.Collect$$libinit$$00000002) for __rt_lib_init_fp_1
    libinit.o(.ARM.Collect$$libinit$$00000000) refers (Special) to libinit2.o(.ARM.Collect$$libinit$$0000001D) for __rt_lib_init_fp_trap_1
    libinit.o(.ARM.Collect$$libinit$$00000000) refers (Special) to libinit2.o(.ARM.Collect$$libinit$$00000021) for __rt_lib_init_getenv_1
    libinit.o(.ARM.Collect$$libinit$$00000000) refers (Special) to libinit2.o(.ARM.Collect$$libinit$$00000008) for __rt_lib_init_heap_1
    libinit.o(.ARM.Collect$$libinit$$00000000) refers (Special) to libinit2.o(.ARM.Collect$$libinit$$0000000F) for __rt_lib_init_lc_collate_1
    libinit.o(.ARM.Collect$$libinit$$00000000) refers (Special) to libinit2.o(.ARM.Collect$$libinit$$00000011) for __rt_lib_init_lc_ctype_1
    libinit.o(.ARM.Collect$$libinit$$00000000) refers (Special) to libinit2.o(.ARM.Collect$$libinit$$00000013) for __rt_lib_init_lc_monetary_1
    libinit.o(.ARM.Collect$$libinit$$00000000) refers (Special) to libinit2.o(.ARM.Collect$$libinit$$00000015) for __rt_lib_init_lc_numeric_1
    libinit.o(.ARM.Collect$$libinit$$00000000) refers (Special) to libinit2.o(.ARM.Collect$$libinit$$00000017) for __rt_lib_init_lc_time_1
    libinit.o(.ARM.Collect$$libinit$$00000000) refers (Special) to libinit2.o(.ARM.Collect$$libinit$$0000000C) for __rt_lib_init_rand_1
    libinit.o(.ARM.Collect$$libinit$$00000000) refers (Special) to libinit2.o(.ARM.Collect$$libinit$$00000031) for __rt_lib_init_return
    libinit.o(.ARM.Collect$$libinit$$00000000) refers (Special) to libinit2.o(.ARM.Collect$$libinit$$0000001B) for __rt_lib_init_signal_1
    libinit.o(.ARM.Collect$$libinit$$00000000) refers (Special) to libinit2.o(.ARM.Collect$$libinit$$00000023) for __rt_lib_init_stdio_1
    libinit.o(.ARM.Collect$$libinit$$00000000) refers (Special) to libinit2.o(.ARM.Collect$$libinit$$0000000A) for __rt_lib_init_user_alloc_1
    libspace.o(.text) refers to libspace.o(.bss) for __libspace_start
    rtexit.o(.ARM.Collect$$rtexit$$00000000) refers (Special) to rtexit2.o(.ARM.Collect$$rtexit$$00000004) for __rt_exit_exit
    rtexit.o(.ARM.Collect$$rtexit$$00000000) refers (Special) to rtexit2.o(.ARM.Collect$$rtexit$$00000003) for __rt_exit_ls
    rtexit.o(.ARM.Collect$$rtexit$$00000000) refers (Special) to rtexit2.o(.ARM.Collect$$rtexit$$00000002) for __rt_exit_prels_1
    rtexit.o(.ARM.exidx) refers (Special) to rtexit2.o(.ARM.Collect$$rtexit$$00000004) for __rt_exit_exit
    rtexit.o(.ARM.exidx) refers (Special) to rtexit2.o(.ARM.Collect$$rtexit$$00000003) for __rt_exit_ls
    rtexit.o(.ARM.exidx) refers (Special) to rtexit2.o(.ARM.Collect$$rtexit$$00000002) for __rt_exit_prels_1
    rtexit.o(.ARM.exidx) refers to rtexit.o(.ARM.Collect$$rtexit$$00000000) for .ARM.Collect$$rtexit$$00000000
    libinit2.o(.ARM.Collect$$libinit$$0000000E) refers to libinit2.o(.ARM.Collect$$libinit$$0000000D) for .ARM.Collect$$libinit$$0000000D
    libinit2.o(.ARM.Collect$$libinit$$00000010) refers to libinit2.o(.ARM.Collect$$libinit$$0000000D) for .ARM.Collect$$libinit$$0000000D
    libinit2.o(.ARM.Collect$$libinit$$00000012) refers to libinit2.o(.ARM.Collect$$libinit$$0000000D) for .ARM.Collect$$libinit$$0000000D
    libinit2.o(.ARM.Collect$$libinit$$00000014) refers to libinit2.o(.ARM.Collect$$libinit$$0000000D) for .ARM.Collect$$libinit$$0000000D
    libinit2.o(.ARM.Collect$$libinit$$00000016) refers to libinit2.o(.ARM.Collect$$libinit$$0000000D) for .ARM.Collect$$libinit$$0000000D
    libinit2.o(.ARM.Collect$$libinit$$00000024) refers to argv_veneer.o(.emb_text) for __ARM_argv_veneer
    libinit2.o(.ARM.Collect$$libinit$$00000025) refers to argv_veneer.o(.emb_text) for __ARM_argv_veneer
    rtexit2.o(.ARM.Collect$$rtexit$$00000003) refers to libshutdown.o(.ARM.Collect$$libshutdown$$00000000) for __rt_lib_shutdown
    rtexit2.o(.ARM.Collect$$rtexit$$00000004) refers to sys_exit.o(.text) for _sys_exit
    rtexit2.o(.ARM.exidx) refers to rtexit2.o(.ARM.Collect$$rtexit$$00000001) for .ARM.Collect$$rtexit$$00000001
    rtexit2.o(.ARM.exidx) refers to rtexit2.o(.ARM.Collect$$rtexit$$00000003) for .ARM.Collect$$rtexit$$00000003
    rtexit2.o(.ARM.exidx) refers to rtexit2.o(.ARM.Collect$$rtexit$$00000004) for .ARM.Collect$$rtexit$$00000004
    argv_veneer.o(.emb_text) refers to no_argv.o(.text) for __ARM_get_argv
    sys_exit.o(.text) refers (Special) to use_no_semi.o(.text) for __I$use$semihosting
    sys_exit.o(.text) refers (Special) to indicate_semi.o(.text) for __semihosting_library_function
    _get_argv_nomalloc.o(.text) refers (Special) to hrguard.o(.text) for __heap_region$guard
    _get_argv_nomalloc.o(.text) refers to defsig_rtmem_outer.o(.text) for __rt_SIGRTMEM
    _get_argv_nomalloc.o(.text) refers to sys_command.o(.text) for _sys_command_string
    libshutdown.o(.ARM.Collect$$libshutdown$$00000000) refers (Special) to libshutdown2.o(.ARM.Collect$$libshutdown$$00000006) for __rt_lib_shutdown_fp_trap_1
    libshutdown.o(.ARM.Collect$$libshutdown$$00000000) refers (Special) to libshutdown2.o(.ARM.Collect$$libshutdown$$0000000E) for __rt_lib_shutdown_heap_1
    libshutdown.o(.ARM.Collect$$libshutdown$$00000000) refers (Special) to libshutdown2.o(.ARM.Collect$$libshutdown$$0000000F) for __rt_lib_shutdown_return
    libshutdown.o(.ARM.Collect$$libshutdown$$00000000) refers (Special) to libshutdown2.o(.ARM.Collect$$libshutdown$$00000009) for __rt_lib_shutdown_signal_1
    libshutdown.o(.ARM.Collect$$libshutdown$$00000000) refers (Special) to libshutdown2.o(.ARM.Collect$$libshutdown$$00000003) for __rt_lib_shutdown_stdio_1
    libshutdown.o(.ARM.Collect$$libshutdown$$00000000) refers (Special) to libshutdown2.o(.ARM.Collect$$libshutdown$$0000000B) for __rt_lib_shutdown_user_alloc_1
    sys_command.o(.text) refers (Special) to use_no_semi.o(.text) for __I$use$semihosting
    sys_command.o(.text) refers (Special) to indicate_semi.o(.text) for __semihosting_library_function
    defsig_rtmem_outer.o(.text) refers to defsig_rtmem_inner.o(.text) for __rt_SIGRTMEM_inner
    defsig_rtmem_outer.o(.text) refers to defsig_exit.o(.text) for __sig_exit
    defsig_rtmem_formal.o(.text) refers to rt_raise.o(.text) for __rt_raise
    rt_raise.o(.text) refers to __raise.o(.text) for __raise
    rt_raise.o(.text) refers to sys_exit.o(.text) for _sys_exit
    defsig_exit.o(.text) refers to sys_exit.o(.text) for _sys_exit
    defsig_rtmem_inner.o(.text) refers to defsig_general.o(.text) for __default_signal_display
    __raise.o(.text) refers to defsig.o(CL$$defsig) for __default_signal_handler
    defsig_general.o(.text) refers to sys_wrch.o(.text) for _ttywrch
    sys_wrch.o(.text) refers (Special) to use_no_semi.o(.text) for __I$use$semihosting
    sys_wrch.o(.text) refers (Special) to indicate_semi.o(.text) for __semihosting_library_function
    defsig.o(CL$$defsig) refers to defsig_rtmem_inner.o(.text) for __rt_SIGRTMEM_inner
    defsig_abrt_inner.o(.text) refers to defsig_general.o(.text) for __default_signal_display
    defsig_fpe_inner.o(.text) refers to defsig_general.o(.text) for __default_signal_display
    defsig_rtred_inner.o(.text) refers to defsig_general.o(.text) for __default_signal_display
    defsig_stak_inner.o(.text) refers to defsig_general.o(.text) for __default_signal_display
    defsig_pvfn_inner.o(.text) refers to defsig_general.o(.text) for __default_signal_display
    defsig_cppl_inner.o(.text) refers to defsig_general.o(.text) for __default_signal_display
    defsig_segv_inner.o(.text) refers to defsig_general.o(.text) for __default_signal_display
    defsig_other.o(.text) refers to defsig_general.o(.text) for __default_signal_display


==============================================================================

Removing Unused input sections from the image.

    Removing sound.o(i.Sound_Explosion), (2 bytes).
    Removing spaceinvaders.o(i.LCD_OutDistance), (24 bytes).
    Removing st7735.o(i.Output_Clear), (10 bytes).
    Removing st7735.o(i.Output_Color), (12 bytes).
    Removing st7735.o(i.Output_Off), (8 bytes).
    Removing st7735.o(i.Output_On), (8 bytes).
    Removing st7735.o(i.ST7735_Color565), (24 bytes).
    Removing st7735.o(i.ST7735_DrawChar), (268 bytes).
    Removing st7735.o(i.ST7735_DrawCircle), (172 bytes).
    Removing st7735.o(i.ST7735_DrawFastHLine), (124 bytes).
    Removing st7735.o(i.ST7735_DrawFastVLine), (124 bytes).
    Removing st7735.o(i.ST7735_DrawSmallCircle), (172 bytes).
    Removing st7735.o(i.ST7735_InitB), (40 bytes).
    Removing st7735.o(i.ST7735_InvertDisplay), (22 bytes).
    Removing st7735.o(i.ST7735_OutUDec), (140 bytes).
    Removing st7735.o(i.ST7735_PlotBar), (88 bytes).
    Removing st7735.o(i.ST7735_PlotClear), (92 bytes).
    Removing st7735.o(i.ST7735_PlotLine), (264 bytes).
    Removing st7735.o(i.ST7735_PlotNext), (32 bytes).
    Removing st7735.o(i.ST7735_PlotNextErase), (64 bytes).
    Removing st7735.o(i.ST7735_PlotPoint), (152 bytes).
    Removing st7735.o(i.ST7735_PlotPoints), (172 bytes).
    Removing st7735.o(i.ST7735_PlotdBfs), (60 bytes).
    Removing st7735.o(i.ST7735_SetRotation), (212 bytes).
    Removing st7735.o(i.ST7735_SetTextColor), (12 bytes).
    Removing st7735.o(i.ST7735_SwapColor), (18 bytes).
    Removing st7735.o(i.deselect), (28 bytes).
    Removing st7735.o(i.ferror), (8 bytes).
    Removing st7735.o(i.fgetc), (6 bytes).
    Removing st7735.o(i.fillmessage), (72 bytes).
    Removing st7735.o(i.fputc), (16 bytes).
    Removing st7735.o(.bss), (12 bytes).

32 unused section(s) (total 2458 bytes) removed from the image.

==============================================================================

Image Symbol Table

    Local Symbols

    Symbol Name                              Value     Ov Type        Size  Object(Section)

    RESET                                    0x00000000   Section      644  startup.o(RESET)
    ../clib/angel/boardlib.s                 0x00000000   Number         0  boardinit2.o ABSOLUTE
    ../clib/angel/boardlib.s                 0x00000000   Number         0  boardinit3.o ABSOLUTE
    ../clib/angel/boardlib.s                 0x00000000   Number         0  boardshut.o ABSOLUTE
    ../clib/angel/boardlib.s                 0x00000000   Number         0  boardinit1.o ABSOLUTE
    ../clib/angel/dczerorl2.s                0x00000000   Number         0  __dczerorl2.o ABSOLUTE
    ../clib/angel/handlers.s                 0x00000000   Number         0  __scatter_zi.o ABSOLUTE
    ../clib/angel/kernel.s                   0x00000000   Number         0  rtexit.o ABSOLUTE
    ../clib/angel/kernel.s                   0x00000000   Number         0  rtentry4.o ABSOLUTE
    ../clib/angel/kernel.s                   0x00000000   Number         0  rtentry2.o ABSOLUTE
    ../clib/angel/kernel.s                   0x00000000   Number         0  rtentry.o ABSOLUTE
    ../clib/angel/kernel.s                   0x00000000   Number         0  rtexit2.o ABSOLUTE
    ../clib/angel/rt.s                       0x00000000   Number         0  rt_raise.o ABSOLUTE
    ../clib/angel/scatter.s                  0x00000000   Number         0  __scatter.o ABSOLUTE
    ../clib/angel/startup.s                  0x00000000   Number         0  __main.o ABSOLUTE
    ../clib/angel/sys.s                      0x00000000   Number         0  sys_stackheap_outer.o ABSOLUTE
    ../clib/angel/sys.s                      0x00000000   Number         0  libspace.o ABSOLUTE
    ../clib/angel/sys.s                      0x00000000   Number         0  use_no_semi.o ABSOLUTE
    ../clib/angel/sys.s                      0x00000000   Number         0  indicate_semi.o ABSOLUTE
    ../clib/angel/sysapp.c                   0x00000000   Number         0  sys_command.o ABSOLUTE
    ../clib/angel/sysapp.c                   0x00000000   Number         0  sys_exit.o ABSOLUTE
    ../clib/angel/sysapp.c                   0x00000000   Number         0  sys_wrch.o ABSOLUTE
    ../clib/armsys.c                         0x00000000   Number         0  argv_veneer.o ABSOLUTE
    ../clib/armsys.c                         0x00000000   Number         0  argv_veneer.o ABSOLUTE
    ../clib/armsys.c                         0x00000000   Number         0  no_argv.o ABSOLUTE
    ../clib/armsys.c                         0x00000000   Number         0  _get_argv_nomalloc.o ABSOLUTE
    ../clib/heapalloc.c                      0x00000000   Number         0  hrguard.o ABSOLUTE
    ../clib/heapaux.c                        0x00000000   Number         0  heapauxi.o ABSOLUTE
    ../clib/libinit.s                        0x00000000   Number         0  libshutdown.o ABSOLUTE
    ../clib/libinit.s                        0x00000000   Number         0  libshutdown2.o ABSOLUTE
    ../clib/libinit.s                        0x00000000   Number         0  libinit.o ABSOLUTE
    ../clib/libinit.s                        0x00000000   Number         0  libinit2.o ABSOLUTE
    ../clib/signal.c                         0x00000000   Number         0  defsig_fpe_inner.o ABSOLUTE
    ../clib/signal.c                         0x00000000   Number         0  defsig_abrt_inner.o ABSOLUTE
    ../clib/signal.c                         0x00000000   Number         0  defsig_stak_inner.o ABSOLUTE
    ../clib/signal.c                         0x00000000   Number         0  defsig_general.o ABSOLUTE
    ../clib/signal.c                         0x00000000   Number         0  __raise.o ABSOLUTE
    ../clib/signal.c                         0x00000000   Number         0  defsig_cppl_inner.o ABSOLUTE
    ../clib/signal.c                         0x00000000   Number         0  defsig_rtmem_inner.o ABSOLUTE
    ../clib/signal.c                         0x00000000   Number         0  defsig_exit.o ABSOLUTE
    ../clib/signal.c                         0x00000000   Number         0  defsig_other.o ABSOLUTE
    ../clib/signal.c                         0x00000000   Number         0  defsig_rtmem_formal.o ABSOLUTE
    ../clib/signal.c                         0x00000000   Number         0  defsig_rtmem_outer.o ABSOLUTE
    ../clib/signal.c                         0x00000000   Number         0  defsig_segv_inner.o ABSOLUTE
    ../clib/signal.c                         0x00000000   Number         0  defsig_pvfn_inner.o ABSOLUTE
    ../clib/signal.c                         0x00000000   Number         0  defsig_rtred_inner.o ABSOLUTE
    ../clib/signal.s                         0x00000000   Number         0  defsig.o ABSOLUTE
    ../clib/stdlib.c                         0x00000000   Number         0  exit.o ABSOLUTE
    ../fplib/fpinit.s                        0x00000000   Number         0  fpinit.o ABSOLUTE
    ADC.c                                    0x00000000   Number         0  adc.o ABSOLUTE
    DAC.c                                    0x00000000   Number         0  dac.o ABSOLUTE
    PLL.c                                    0x00000000   Number         0  pll.o ABSOLUTE
    Print.s                                  0x00000000   Number         0  print.o ABSOLUTE
    ST7735.c                                 0x00000000   Number         0  st7735.o ABSOLUTE
    Sound.c                                  0x00000000   Number         0  sound.o ABSOLUTE
    SpaceInvaders.c                          0x00000000   Number         0  spaceinvaders.o ABSOLUTE
    Timer0.c                                 0x00000000   Number         0  timer0.o ABSOLUTE
    Timer1.c                                 0x00000000   Number         0  timer1.o ABSOLUTE
    dc.s                                     0x00000000   Number         0  dc.o ABSOLUTE
    random.s                                 0x00000000   Number         0  random.o ABSOLUTE
    startup.s                                0x00000000   Number         0  startup.o ABSOLUTE
    !!!main                                  0x00000284   Section        8  __main.o(!!!main)
    !!!scatter                               0x0000028c   Section       52  __scatter.o(!!!scatter)
    !!dczerorl2                              0x000002c0   Section       90  __dczerorl2.o(!!dczerorl2)
    !!handler_zi                             0x0000031c   Section       28  __scatter_zi.o(!!handler_zi)
    .ARM.Collect$$libinit$$00000000          0x00000338   Section        2  libinit.o(.ARM.Collect$$libinit$$00000000)
    .ARM.Collect$$libinit$$00000002          0x0000033a   Section        0  libinit2.o(.ARM.Collect$$libinit$$00000002)
    .ARM.Collect$$libinit$$00000008          0x0000033a   Section        0  libinit2.o(.ARM.Collect$$libinit$$00000008)
    .ARM.Collect$$libinit$$0000000A          0x0000033a   Section        0  libinit2.o(.ARM.Collect$$libinit$$0000000A)
    .ARM.Collect$$libinit$$0000000C          0x0000033a   Section        0  libinit2.o(.ARM.Collect$$libinit$$0000000C)
    .ARM.Collect$$libinit$$0000000F          0x0000033a   Section        0  libinit2.o(.ARM.Collect$$libinit$$0000000F)
    .ARM.Collect$$libinit$$00000011          0x0000033a   Section        0  libinit2.o(.ARM.Collect$$libinit$$00000011)
    .ARM.Collect$$libinit$$00000013          0x0000033a   Section        0  libinit2.o(.ARM.Collect$$libinit$$00000013)
    .ARM.Collect$$libinit$$00000015          0x0000033a   Section        0  libinit2.o(.ARM.Collect$$libinit$$00000015)
    .ARM.Collect$$libinit$$00000017          0x0000033a   Section        0  libinit2.o(.ARM.Collect$$libinit$$00000017)
    .ARM.Collect$$libinit$$00000019          0x0000033a   Section        0  libinit2.o(.ARM.Collect$$libinit$$00000019)
    .ARM.Collect$$libinit$$0000001B          0x0000033a   Section        0  libinit2.o(.ARM.Collect$$libinit$$0000001B)
    .ARM.Collect$$libinit$$0000001D          0x0000033a   Section        0  libinit2.o(.ARM.Collect$$libinit$$0000001D)
    .ARM.Collect$$libinit$$0000001F          0x0000033a   Section        0  libinit2.o(.ARM.Collect$$libinit$$0000001F)
    .ARM.Collect$$libinit$$00000021          0x0000033a   Section        0  libinit2.o(.ARM.Collect$$libinit$$00000021)
    .ARM.Collect$$libinit$$00000023          0x0000033a   Section        0  libinit2.o(.ARM.Collect$$libinit$$00000023)
    .ARM.Collect$$libinit$$0000002A          0x0000033a   Section        0  libinit2.o(.ARM.Collect$$libinit$$0000002A)
    .ARM.Collect$$libinit$$0000002C          0x0000033a   Section        0  libinit2.o(.ARM.Collect$$libinit$$0000002C)
    .ARM.Collect$$libinit$$0000002E          0x0000033a   Section        0  libinit2.o(.ARM.Collect$$libinit$$0000002E)
    .ARM.Collect$$libinit$$00000030          0x0000033a   Section        0  libinit2.o(.ARM.Collect$$libinit$$00000030)
    .ARM.Collect$$libinit$$00000031          0x0000033a   Section        2  libinit2.o(.ARM.Collect$$libinit$$00000031)
    .ARM.Collect$$libshutdown$$00000000      0x0000033c   Section        2  libshutdown.o(.ARM.Collect$$libshutdown$$00000000)
    .ARM.Collect$$libshutdown$$00000003      0x0000033e   Section        0  libshutdown2.o(.ARM.Collect$$libshutdown$$00000003)
    .ARM.Collect$$libshutdown$$00000006      0x0000033e   Section        0  libshutdown2.o(.ARM.Collect$$libshutdown$$00000006)
    .ARM.Collect$$libshutdown$$00000009      0x0000033e   Section        0  libshutdown2.o(.ARM.Collect$$libshutdown$$00000009)
    .ARM.Collect$$libshutdown$$0000000B      0x0000033e   Section        0  libshutdown2.o(.ARM.Collect$$libshutdown$$0000000B)
    .ARM.Collect$$libshutdown$$0000000E      0x0000033e   Section        0  libshutdown2.o(.ARM.Collect$$libshutdown$$0000000E)
    .ARM.Collect$$libshutdown$$0000000F      0x0000033e   Section        2  libshutdown2.o(.ARM.Collect$$libshutdown$$0000000F)
    .ARM.Collect$$rtentry$$00000000          0x00000340   Section        0  rtentry.o(.ARM.Collect$$rtentry$$00000000)
    .ARM.Collect$$rtentry$$00000002          0x00000340   Section        0  rtentry2.o(.ARM.Collect$$rtentry$$00000002)
    .ARM.Collect$$rtentry$$00000004          0x00000340   Section        6  rtentry4.o(.ARM.Collect$$rtentry$$00000004)
    .ARM.Collect$$rtentry$$00000009          0x00000346   Section        0  rtentry2.o(.ARM.Collect$$rtentry$$00000009)
    .ARM.Collect$$rtentry$$0000000A          0x00000346   Section        4  rtentry2.o(.ARM.Collect$$rtentry$$0000000A)
    .ARM.Collect$$rtentry$$0000000C          0x0000034a   Section        0  rtentry2.o(.ARM.Collect$$rtentry$$0000000C)
    .ARM.Collect$$rtentry$$0000000D          0x0000034a   Section        8  rtentry2.o(.ARM.Collect$$rtentry$$0000000D)
    .ARM.Collect$$rtexit$$00000000           0x00000352   Section        2  rtexit.o(.ARM.Collect$$rtexit$$00000000)
    .ARM.Collect$$rtexit$$00000002           0x00000354   Section        0  rtexit2.o(.ARM.Collect$$rtexit$$00000002)
    .ARM.Collect$$rtexit$$00000003           0x00000354   Section        4  rtexit2.o(.ARM.Collect$$rtexit$$00000003)
    .ARM.Collect$$rtexit$$00000004           0x00000358   Section        6  rtexit2.o(.ARM.Collect$$rtexit$$00000004)
    .text                                    0x00000360   Section       48  startup.o(.text)
    .text                                    0x00000390   Section       64  random.o(.text)
    .text                                    0x000003d0   Section      584  print.o(.text)
    .text                                    0x00000618   Section        0  heapauxi.o(.text)
    .text                                    0x0000061e   Section       74  sys_stackheap_outer.o(.text)
    .text                                    0x00000668   Section        0  exit.o(.text)
    .text                                    0x00000674   Section        8  libspace.o(.text)
    .text                                    0x0000067c   Section        0  sys_exit.o(.text)
    .text                                    0x00000688   Section        2  use_no_semi.o(.text)
    .text                                    0x0000068a   Section        0  indicate_semi.o(.text)
    i.ADC                                    0x0000068c   Section        0  spaceinvaders.o(i.ADC)
    i.ADC0_In                                0x00000698   Section        0  adc.o(i.ADC0_In)
    i.ADC0_Init                              0x000006c4   Section        0  adc.o(i.ADC0_Init)
    i.Collision                              0x000007b0   Section        0  spaceinvaders.o(i.Collision)
    i.DAC_Init                               0x000007e0   Section        0  dac.o(i.DAC_Init)
    i.DAC_Out                                0x00000840   Section        0  dac.o(i.DAC_Out)
    i.Delay100ms                             0x0000084c   Section        0  spaceinvaders.o(i.Delay100ms)
    i.Delay1ms                               0x00000870   Section        0  st7735.o(i.Delay1ms)
    i.GameDraw                               0x00000890   Section        0  spaceinvaders.o(i.GameDraw)
    i.GameInit                               0x00000a10   Section        0  spaceinvaders.o(i.GameInit)
    i.GameMove                               0x00000ae8   Section        0  spaceinvaders.o(i.GameMove)
    i.LCD_OutUDec                            0x00000e18   Section        0  spaceinvaders.o(i.LCD_OutUDec)
    i.Output_Init                            0x00000e30   Section        0  st7735.o(i.Output_Init)
    i.PLL_Init                               0x00000e40   Section        0  pll.o(i.PLL_Init)
    i.PortE_Init                             0x00000ebc   Section        0  spaceinvaders.o(i.PortE_Init)
    i.Random250                              0x00000f0c   Section        0  spaceinvaders.o(i.Random250)
    i.ST7735_DrawBitmap                      0x00000f14   Section        0  st7735.o(i.ST7735_DrawBitmap)
    i.ST7735_DrawCharS                       0x00001034   Section        0  st7735.o(i.ST7735_DrawCharS)
    i.ST7735_DrawPixel                       0x00001128   Section        0  st7735.o(i.ST7735_DrawPixel)
    i.ST7735_DrawString                      0x00001170   Section        0  st7735.o(i.ST7735_DrawString)
    i.ST7735_FillRect                        0x000011c8   Section        0  st7735.o(i.ST7735_FillRect)
    i.ST7735_FillScreen                      0x00001274   Section        0  st7735.o(i.ST7735_FillScreen)
    i.ST7735_InitR                           0x00001298   Section        0  st7735.o(i.ST7735_InitR)
    i.ST7735_OutChar                         0x00001314   Section        0  st7735.o(i.ST7735_OutChar)
    i.ST7735_OutString                       0x000013e8   Section        0  st7735.o(i.ST7735_OutString)
    i.ST7735_SetCursor                       0x00001400   Section        0  st7735.o(i.ST7735_SetCursor)
    i.SoundTask                              0x00001420   Section        0  sound.o(i.SoundTask)
    i.Sound_Collected                        0x00001468   Section        0  sound.o(i.Sound_Collected)
    i.Sound_Init                             0x0000147c   Section        0  sound.o(i.Sound_Init)
    i.Sound_Jump                             0x0000149c   Section        0  sound.o(i.Sound_Jump)
    i.Sound_Play                             0x000014b0   Section        0  sound.o(i.Sound_Play)
    i.SysTickInit                            0x000014d0   Section        0  spaceinvaders.o(i.SysTickInit)
    i.SysTick_Handler                        0x000014e8   Section        0  spaceinvaders.o(i.SysTick_Handler)
    i.Timer0A_Handler                        0x000014fc   Section        0  timer0.o(i.Timer0A_Handler)
    i.Timer0_Init                            0x00001514   Section        0  timer0.o(i.Timer0_Init)
    i.Timer1A_Handler                        0x00001574   Section        0  timer1.o(i.Timer1A_Handler)
    i.Timer1_Init                            0x0000158c   Section        0  timer1.o(i.Timer1_Init)
    i.commandList                            0x000015ec   Section        0  st7735.o(i.commandList)
    commandList                              0x000015ed   Thumb Code    86  st7735.o(i.commandList)
    i.commonInit                             0x00001644   Section        0  st7735.o(i.commonInit)
    commonInit                               0x00001645   Thumb Code   340  st7735.o(i.commonInit)
    i.main                                   0x000017c8   Section        0  spaceinvaders.o(i.main)
    i.pushColor                              0x00001a24   Section        0  st7735.o(i.pushColor)
    pushColor                                0x00001a25   Thumb Code    18  st7735.o(i.pushColor)
    i.setAddrWindow                          0x00001a38   Section        0  st7735.o(i.setAddrWindow)
    setAddrWindow                            0x00001a39   Thumb Code   106  st7735.o(i.setAddrWindow)
    i.writecommand                           0x00001aac   Section        0  st7735.o(i.writecommand)
    writecommand                             0x00001aad   Thumb Code    46  st7735.o(i.writecommand)
    i.writedata                              0x00001ae4   Section        0  st7735.o(i.writedata)
    writedata                                0x00001ae5   Thumb Code    24  st7735.o(i.writedata)
    .constdata                               0x00001b04   Section     7858  sound.o(.constdata)
    .constdata                               0x000039b6   Section    13060  spaceinvaders.o(.constdata)
    .constdata                               0x00006cba   Section     2114  st7735.o(.constdata)
    Font                                     0x00006cba   Data        1275  st7735.o(.constdata)
    Bcmd                                     0x000071b5   Data         103  st7735.o(.constdata)
    Rcmd1                                    0x0000721c   Data          59  st7735.o(.constdata)
    Rcmd2green                               0x00007257   Data          13  st7735.o(.constdata)
    Rcmd2red                                 0x00007264   Data          13  st7735.o(.constdata)
    Rcmd3                                    0x00007271   Data          43  st7735.o(.constdata)
    .data                                    0x20000000   Section        4  timer0.o(.data)
    .data                                    0x20000004   Section        4  timer1.o(.data)
    .data                                    0x20000008   Section        8  sound.o(.data)
    .data                                    0x20000010   Section      312  spaceinvaders.o(.data)
    .data                                    0x20000148   Section       44  st7735.o(.data)
    _width                                   0x20000152   Data           2  st7735.o(.data)
    _height                                  0x20000154   Data           2  st7735.o(.data)
    ColStart                                 0x2000015c   Data           1  st7735.o(.data)
    RowStart                                 0x2000015d   Data           1  st7735.o(.data)
    Rotation                                 0x2000015e   Data           1  st7735.o(.data)
    TabColor                                 0x2000015f   Data           1  st7735.o(.data)
    DATA                                     0x20000174   Section        4  random.o(DATA)
    M                                        0x20000174   Data           4  random.o(DATA)
    DATA                                     0x20000178   Section       12  print.o(DATA)
    .bss                                     0x20000184   Section      224  spaceinvaders.o(.bss)
    .bss                                     0x20000264   Section       96  libspace.o(.bss)
    HEAP                                     0x200002c8   Section        0  startup.o(HEAP)
    STACK                                    0x200002c8   Section     1024  startup.o(STACK)
    HeapMem                                  0x200002c8   Data           0  startup.o(HEAP)
    StackMem                                 0x200002c8   Data           0  startup.o(STACK)

    Global Symbols

    Symbol Name                              Value     Ov Type        Size  Object(Section)

    BuildAttributes$$THM_ISAv4$E$P$D$K$B$S$7EM$PE$A:L22UL41UL21$X:L11$S22US41US21$IEEE1$IW$USESV6$~STKCKD$USESV7$~SHL$OSPACE$ROPI$EBA8$UX$STANDARDLIB$REQ8$PRES8$EABIv2 0x00000000   Number         0  anon$$obj.o ABSOLUTE
    __ARM_use_no_argv                        0x00000000   Number         0  spaceinvaders.o ABSOLUTE
    __Vectors                                0x00000000   Data           0  startup.o(RESET)
    __ARM_exceptions_init                     - Undefined Weak Reference
    __alloca_initialize                       - Undefined Weak Reference
    __cpp_initialize__aeabi_                  - Undefined Weak Reference
    __cxa_finalize                            - Undefined Weak Reference
    __rt_locale                               - Undefined Weak Reference
    __sigvec_lookup                           - Undefined Weak Reference
    _atexit_init                              - Undefined Weak Reference
    _call_atexit_fns                          - Undefined Weak Reference
    _clock_init                               - Undefined Weak Reference
    _fp_trap_init                             - Undefined Weak Reference
    _fp_trap_shutdown                         - Undefined Weak Reference
    _get_lc_collate                           - Undefined Weak Reference
    _get_lc_ctype                             - Undefined Weak Reference
    _get_lc_monetary                          - Undefined Weak Reference
    _get_lc_numeric                           - Undefined Weak Reference
    _get_lc_time                              - Undefined Weak Reference
    _getenv_init                              - Undefined Weak Reference
    _handle_redirection                       - Undefined Weak Reference
    _init_alloc                               - Undefined Weak Reference
    _init_user_alloc                          - Undefined Weak Reference
    _initio                                   - Undefined Weak Reference
    _rand_init                                - Undefined Weak Reference
    _signal_finish                            - Undefined Weak Reference
    _signal_init                              - Undefined Weak Reference
    _terminate_alloc                          - Undefined Weak Reference
    _terminate_user_alloc                     - Undefined Weak Reference
    _terminateio                              - Undefined Weak Reference
    Reset_Handler                            0x0000026d   Thumb Code     0  startup.o(RESET)
    NMI_Handler                              0x00000271   Thumb Code     2  startup.o(RESET)
    HardFault_Handler                        0x00000273   Thumb Code     2  startup.o(RESET)
    MemManage_Handler                        0x00000275   Thumb Code     2  startup.o(RESET)
    BusFault_Handler                         0x00000277   Thumb Code     2  startup.o(RESET)
    UsageFault_Handler                       0x00000279   Thumb Code     2  startup.o(RESET)
    SVC_Handler                              0x0000027b   Thumb Code     2  startup.o(RESET)
    DebugMon_Handler                         0x0000027d   Thumb Code     2  startup.o(RESET)
    PendSV_Handler                           0x0000027f   Thumb Code     2  startup.o(RESET)
    ADC0Seq0_Handler                         0x00000283   Thumb Code     0  startup.o(RESET)
    ADC0Seq1_Handler                         0x00000283   Thumb Code     0  startup.o(RESET)
    ADC0Seq2_Handler                         0x00000283   Thumb Code     0  startup.o(RESET)
    ADC0Seq3_Handler                         0x00000283   Thumb Code     0  startup.o(RESET)
    ADC1Seq0_Handler                         0x00000283   Thumb Code     0  startup.o(RESET)
    ADC1Seq1_Handler                         0x00000283   Thumb Code     0  startup.o(RESET)
    ADC1Seq2_Handler                         0x00000283   Thumb Code     0  startup.o(RESET)
    ADC1Seq3_Handler                         0x00000283   Thumb Code     0  startup.o(RESET)
    CAN0_Handler                             0x00000283   Thumb Code     0  startup.o(RESET)
    CAN1_Handler                             0x00000283   Thumb Code     0  startup.o(RESET)
    CAN2_Handler                             0x00000283   Thumb Code     0  startup.o(RESET)
    Comp0_Handler                            0x00000283   Thumb Code     0  startup.o(RESET)
    Comp1_Handler                            0x00000283   Thumb Code     0  startup.o(RESET)
    Comp2_Handler                            0x00000283   Thumb Code     0  startup.o(RESET)
    Ethernet_Handler                         0x00000283   Thumb Code     0  startup.o(RESET)
    ExtBus_Handler                           0x00000283   Thumb Code     0  startup.o(RESET)
    FPU_Handler                              0x00000283   Thumb Code     0  startup.o(RESET)
    Fan0_Handler                             0x00000283   Thumb Code     0  startup.o(RESET)
    FlashCtl_Handler                         0x00000283   Thumb Code     0  startup.o(RESET)
    GPIOPortA_Handler                        0x00000283   Thumb Code     0  startup.o(RESET)
    GPIOPortB_Handler                        0x00000283   Thumb Code     0  startup.o(RESET)
    GPIOPortC_Handler                        0x00000283   Thumb Code     0  startup.o(RESET)
    GPIOPortD_Handler                        0x00000283   Thumb Code     0  startup.o(RESET)
    GPIOPortE_Handler                        0x00000283   Thumb Code     0  startup.o(RESET)
    GPIOPortF_Handler                        0x00000283   Thumb Code     0  startup.o(RESET)
    GPIOPortG_Handler                        0x00000283   Thumb Code     0  startup.o(RESET)
    GPIOPortH_Handler                        0x00000283   Thumb Code     0  startup.o(RESET)
    GPIOPortJ_Handler                        0x00000283   Thumb Code     0  startup.o(RESET)
    GPIOPortK_Handler                        0x00000283   Thumb Code     0  startup.o(RESET)
    GPIOPortL_Handler                        0x00000283   Thumb Code     0  startup.o(RESET)
    GPIOPortM_Handler                        0x00000283   Thumb Code     0  startup.o(RESET)
    GPIOPortN_Handler                        0x00000283   Thumb Code     0  startup.o(RESET)
    GPIOPortP1_Handler                       0x00000283   Thumb Code     0  startup.o(RESET)
    GPIOPortP2_Handler                       0x00000283   Thumb Code     0  startup.o(RESET)
    GPIOPortP3_Handler                       0x00000283   Thumb Code     0  startup.o(RESET)
    GPIOPortP4_Handler                       0x00000283   Thumb Code     0  startup.o(RESET)
    GPIOPortP5_Handler                       0x00000283   Thumb Code     0  startup.o(RESET)
    GPIOPortP6_Handler                       0x00000283   Thumb Code     0  startup.o(RESET)
    GPIOPortP7_Handler                       0x00000283   Thumb Code     0  startup.o(RESET)
    GPIOPortP_Handler                        0x00000283   Thumb Code     0  startup.o(RESET)
    GPIOPortQ1_Handler                       0x00000283   Thumb Code     0  startup.o(RESET)
    GPIOPortQ2_Handler                       0x00000283   Thumb Code     0  startup.o(RESET)
    GPIOPortQ3_Handler                       0x00000283   Thumb Code     0  startup.o(RESET)
    GPIOPortQ4_Handler                       0x00000283   Thumb Code     0  startup.o(RESET)
    GPIOPortQ5_Handler                       0x00000283   Thumb Code     0  startup.o(RESET)
    GPIOPortQ6_Handler                       0x00000283   Thumb Code     0  startup.o(RESET)
    GPIOPortQ7_Handler                       0x00000283   Thumb Code     0  startup.o(RESET)
    GPIOPortQ_Handler                        0x00000283   Thumb Code     0  startup.o(RESET)
    GPIOPortR_Handler                        0x00000283   Thumb Code     0  startup.o(RESET)
    GPIOPortS_Handler                        0x00000283   Thumb Code     0  startup.o(RESET)
    Hibernate_Handler                        0x00000283   Thumb Code     0  startup.o(RESET)
    I2C0_Handler                             0x00000283   Thumb Code     0  startup.o(RESET)
    I2C1_Handler                             0x00000283   Thumb Code     0  startup.o(RESET)
    I2C2_Handler                             0x00000283   Thumb Code     0  startup.o(RESET)
    I2C3_Handler                             0x00000283   Thumb Code     0  startup.o(RESET)
    I2C4_Handler                             0x00000283   Thumb Code     0  startup.o(RESET)
    I2C5_Handler                             0x00000283   Thumb Code     0  startup.o(RESET)
    I2S0_Handler                             0x00000283   Thumb Code     0  startup.o(RESET)
    LPC0_Handler                             0x00000283   Thumb Code     0  startup.o(RESET)
    PECI0_Handler                            0x00000283   Thumb Code     0  startup.o(RESET)
    PWM0Fault_Handler                        0x00000283   Thumb Code     0  startup.o(RESET)
    PWM0Generator0_Handler                   0x00000283   Thumb Code     0  startup.o(RESET)
    PWM0Generator1_Handler                   0x00000283   Thumb Code     0  startup.o(RESET)
    PWM0Generator2_Handler                   0x00000283   Thumb Code     0  startup.o(RESET)
    PWM0Generator3_Handler                   0x00000283   Thumb Code     0  startup.o(RESET)
    PWM1Fault_Handler                        0x00000283   Thumb Code     0  startup.o(RESET)
    PWM1Generator0_Handler                   0x00000283   Thumb Code     0  startup.o(RESET)
    PWM1Generator1_Handler                   0x00000283   Thumb Code     0  startup.o(RESET)
    PWM1Generator2_Handler                   0x00000283   Thumb Code     0  startup.o(RESET)
    PWM1Generator3_Handler                   0x00000283   Thumb Code     0  startup.o(RESET)
    Quadrature0_Handler                      0x00000283   Thumb Code     0  startup.o(RESET)
    Quadrature1_Handler                      0x00000283   Thumb Code     0  startup.o(RESET)
    Quadrature2_Handler                      0x00000283   Thumb Code     0  startup.o(RESET)
    SSI0_Handler                             0x00000283   Thumb Code     0  startup.o(RESET)
    SSI1_Handler                             0x00000283   Thumb Code     0  startup.o(RESET)
    SSI2_Handler                             0x00000283   Thumb Code     0  startup.o(RESET)
    SSI3_Handler                             0x00000283   Thumb Code     0  startup.o(RESET)
    SysCtl_Handler                           0x00000283   Thumb Code     0  startup.o(RESET)
    Timer0B_Handler                          0x00000283   Thumb Code     0  startup.o(RESET)
    Timer1B_Handler                          0x00000283   Thumb Code     0  startup.o(RESET)
    Timer2A_Handler                          0x00000283   Thumb Code     0  startup.o(RESET)
    Timer2B_Handler                          0x00000283   Thumb Code     0  startup.o(RESET)
    Timer3A_Handler                          0x00000283   Thumb Code     0  startup.o(RESET)
    Timer3B_Handler                          0x00000283   Thumb Code     0  startup.o(RESET)
    Timer4A_Handler                          0x00000283   Thumb Code     0  startup.o(RESET)
    Timer4B_Handler                          0x00000283   Thumb Code     0  startup.o(RESET)
    Timer5A_Handler                          0x00000283   Thumb Code     0  startup.o(RESET)
    Timer5B_Handler                          0x00000283   Thumb Code     0  startup.o(RESET)
    UART0_Handler                            0x00000283   Thumb Code     0  startup.o(RESET)
    UART1_Handler                            0x00000283   Thumb Code     0  startup.o(RESET)
    UART2_Handler                            0x00000283   Thumb Code     0  startup.o(RESET)
    UART3_Handler                            0x00000283   Thumb Code     0  startup.o(RESET)
    UART4_Handler                            0x00000283   Thumb Code     0  startup.o(RESET)
    UART5_Handler                            0x00000283   Thumb Code     0  startup.o(RESET)
    UART6_Handler                            0x00000283   Thumb Code     0  startup.o(RESET)
    UART7_Handler                            0x00000283   Thumb Code     0  startup.o(RESET)
    USB0_Handler                             0x00000283   Thumb Code     0  startup.o(RESET)
    WDT_Handler                              0x00000283   Thumb Code     0  startup.o(RESET)
    WideTimer0A_Handler                      0x00000283   Thumb Code     0  startup.o(RESET)
    WideTimer0B_Handler                      0x00000283   Thumb Code     0  startup.o(RESET)
    WideTimer1A_Handler                      0x00000283   Thumb Code     0  startup.o(RESET)
    WideTimer1B_Handler                      0x00000283   Thumb Code     0  startup.o(RESET)
    WideTimer2A_Handler                      0x00000283   Thumb Code     0  startup.o(RESET)
    WideTimer2B_Handler                      0x00000283   Thumb Code     0  startup.o(RESET)
    WideTimer3A_Handler                      0x00000283   Thumb Code     0  startup.o(RESET)
    WideTimer3B_Handler                      0x00000283   Thumb Code     0  startup.o(RESET)
    WideTimer4A_Handler                      0x00000283   Thumb Code     0  startup.o(RESET)
    WideTimer4B_Handler                      0x00000283   Thumb Code     0  startup.o(RESET)
    WideTimer5A_Handler                      0x00000283   Thumb Code     0  startup.o(RESET)
    WideTimer5B_Handler                      0x00000283   Thumb Code     0  startup.o(RESET)
    uDMA_Error                               0x00000283   Thumb Code     0  startup.o(RESET)
    uDMA_Handler                             0x00000283   Thumb Code     0  startup.o(RESET)
    __main                                   0x00000285   Thumb Code     8  __main.o(!!!main)
    __scatterload                            0x0000028d   Thumb Code     0  __scatter.o(!!!scatter)
    __scatterload_rt2                        0x0000028d   Thumb Code    44  __scatter.o(!!!scatter)
    __scatterload_rt2_thumb_only             0x0000028d   Thumb Code     0  __scatter.o(!!!scatter)
    __scatterload_null                       0x0000029b   Thumb Code     0  __scatter.o(!!!scatter)
    __decompress                             0x000002c1   Thumb Code    90  __dczerorl2.o(!!dczerorl2)
    __decompress1                            0x000002c1   Thumb Code     0  __dczerorl2.o(!!dczerorl2)
    __scatterload_zeroinit                   0x0000031d   Thumb Code    28  __scatter_zi.o(!!handler_zi)
    __rt_lib_init                            0x00000339   Thumb Code     0  libinit.o(.ARM.Collect$$libinit$$00000000)
    __rt_lib_init_alloca_1                   0x0000033b   Thumb Code     0  libinit2.o(.ARM.Collect$$libinit$$0000002C)
    __rt_lib_init_argv_1                     0x0000033b   Thumb Code     0  libinit2.o(.ARM.Collect$$libinit$$0000002A)
    __rt_lib_init_atexit_1                   0x0000033b   Thumb Code     0  libinit2.o(.ARM.Collect$$libinit$$00000019)
    __rt_lib_init_clock_1                    0x0000033b   Thumb Code     0  libinit2.o(.ARM.Collect$$libinit$$0000001F)
    __rt_lib_init_cpp_1                      0x0000033b   Thumb Code     0  libinit2.o(.ARM.Collect$$libinit$$00000030)
    __rt_lib_init_exceptions_1               0x0000033b   Thumb Code     0  libinit2.o(.ARM.Collect$$libinit$$0000002E)
    __rt_lib_init_fp_1                       0x0000033b   Thumb Code     0  libinit2.o(.ARM.Collect$$libinit$$00000002)
    __rt_lib_init_fp_trap_1                  0x0000033b   Thumb Code     0  libinit2.o(.ARM.Collect$$libinit$$0000001D)
    __rt_lib_init_getenv_1                   0x0000033b   Thumb Code     0  libinit2.o(.ARM.Collect$$libinit$$00000021)
    __rt_lib_init_heap_1                     0x0000033b   Thumb Code     0  libinit2.o(.ARM.Collect$$libinit$$00000008)
    __rt_lib_init_lc_collate_1               0x0000033b   Thumb Code     0  libinit2.o(.ARM.Collect$$libinit$$0000000F)
    __rt_lib_init_lc_ctype_1                 0x0000033b   Thumb Code     0  libinit2.o(.ARM.Collect$$libinit$$00000011)
    __rt_lib_init_lc_monetary_1              0x0000033b   Thumb Code     0  libinit2.o(.ARM.Collect$$libinit$$00000013)
    __rt_lib_init_lc_numeric_1               0x0000033b   Thumb Code     0  libinit2.o(.ARM.Collect$$libinit$$00000015)
    __rt_lib_init_lc_time_1                  0x0000033b   Thumb Code     0  libinit2.o(.ARM.Collect$$libinit$$00000017)
    __rt_lib_init_rand_1                     0x0000033b   Thumb Code     0  libinit2.o(.ARM.Collect$$libinit$$0000000C)
    __rt_lib_init_return                     0x0000033b   Thumb Code     0  libinit2.o(.ARM.Collect$$libinit$$00000031)
    __rt_lib_init_signal_1                   0x0000033b   Thumb Code     0  libinit2.o(.ARM.Collect$$libinit$$0000001B)
    __rt_lib_init_stdio_1                    0x0000033b   Thumb Code     0  libinit2.o(.ARM.Collect$$libinit$$00000023)
    __rt_lib_init_user_alloc_1               0x0000033b   Thumb Code     0  libinit2.o(.ARM.Collect$$libinit$$0000000A)
    __rt_lib_shutdown                        0x0000033d   Thumb Code     0  libshutdown.o(.ARM.Collect$$libshutdown$$00000000)
    __rt_lib_shutdown_fp_trap_1              0x0000033f   Thumb Code     0  libshutdown2.o(.ARM.Collect$$libshutdown$$00000006)
    __rt_lib_shutdown_heap_1                 0x0000033f   Thumb Code     0  libshutdown2.o(.ARM.Collect$$libshutdown$$0000000E)
    __rt_lib_shutdown_return                 0x0000033f   Thumb Code     0  libshutdown2.o(.ARM.Collect$$libshutdown$$0000000F)
    __rt_lib_shutdown_signal_1               0x0000033f   Thumb Code     0  libshutdown2.o(.ARM.Collect$$libshutdown$$00000009)
    __rt_lib_shutdown_stdio_1                0x0000033f   Thumb Code     0  libshutdown2.o(.ARM.Collect$$libshutdown$$00000003)
    __rt_lib_shutdown_user_alloc_1           0x0000033f   Thumb Code     0  libshutdown2.o(.ARM.Collect$$libshutdown$$0000000B)
    __rt_entry                               0x00000341   Thumb Code     0  rtentry.o(.ARM.Collect$$rtentry$$00000000)
    __rt_entry_presh_1                       0x00000341   Thumb Code     0  rtentry2.o(.ARM.Collect$$rtentry$$00000002)
    __rt_entry_sh                            0x00000341   Thumb Code     0  rtentry4.o(.ARM.Collect$$rtentry$$00000004)
    __rt_entry_li                            0x00000347   Thumb Code     0  rtentry2.o(.ARM.Collect$$rtentry$$0000000A)
    __rt_entry_postsh_1                      0x00000347   Thumb Code     0  rtentry2.o(.ARM.Collect$$rtentry$$00000009)
    __rt_entry_main                          0x0000034b   Thumb Code     0  rtentry2.o(.ARM.Collect$$rtentry$$0000000D)
    __rt_entry_postli_1                      0x0000034b   Thumb Code     0  rtentry2.o(.ARM.Collect$$rtentry$$0000000C)
    __rt_exit                                0x00000353   Thumb Code     0  rtexit.o(.ARM.Collect$$rtexit$$00000000)
    __rt_exit_ls                             0x00000355   Thumb Code     0  rtexit2.o(.ARM.Collect$$rtexit$$00000003)
    __rt_exit_prels_1                        0x00000355   Thumb Code     0  rtexit2.o(.ARM.Collect$$rtexit$$00000002)
    __rt_exit_exit                           0x00000359   Thumb Code     0  rtexit2.o(.ARM.Collect$$rtexit$$00000004)
    DisableInterrupts                        0x00000361   Thumb Code     0  startup.o(.text)
    EnableInterrupts                         0x00000365   Thumb Code     0  startup.o(.text)
    StartCritical                            0x00000369   Thumb Code     0  startup.o(.text)
    EndCritical                              0x00000371   Thumb Code     0  startup.o(.text)
    WaitForInterrupt                         0x00000377   Thumb Code     0  startup.o(.text)
    __user_initial_stackheap                 0x0000037b   Thumb Code     0  startup.o(.text)
    Random_Init                              0x00000391   Thumb Code     0  random.o(.text)
    Random32                                 0x0000039b   Thumb Code     2  random.o(.text)
    Random                                   0x000003ad   Thumb Code     2  random.o(.text)
    ConvertUDec                              0x000003d1   Thumb Code     0  print.o(.text)
    ConvertDistance                          0x000004e1   Thumb Code     0  print.o(.text)
    __use_two_region_memory                  0x00000619   Thumb Code     2  heapauxi.o(.text)
    __rt_heap_escrow$2region                 0x0000061b   Thumb Code     2  heapauxi.o(.text)
    __rt_heap_expand$2region                 0x0000061d   Thumb Code     2  heapauxi.o(.text)
    __user_setup_stackheap                   0x0000061f   Thumb Code    74  sys_stackheap_outer.o(.text)
    exit                                     0x00000669   Thumb Code    12  exit.o(.text)
    __user_libspace                          0x00000675   Thumb Code     8  libspace.o(.text)
    __user_perproc_libspace                  0x00000675   Thumb Code     0  libspace.o(.text)
    __user_perthread_libspace                0x00000675   Thumb Code     0  libspace.o(.text)
    _sys_exit                                0x0000067d   Thumb Code     8  sys_exit.o(.text)
    __I$use$semihosting                      0x00000689   Thumb Code     0  use_no_semi.o(.text)
    __use_no_semihosting_swi                 0x00000689   Thumb Code     2  use_no_semi.o(.text)
    __semihosting_library_function           0x0000068b   Thumb Code     0  indicate_semi.o(.text)
    ADC                                      0x0000068d   Thumb Code     8  spaceinvaders.o(i.ADC)
    ADC0_In                                  0x00000699   Thumb Code    36  adc.o(i.ADC0_In)
    ADC0_Init                                0x000006c5   Thumb Code   206  adc.o(i.ADC0_Init)
    Collision                                0x000007b1   Thumb Code    46  spaceinvaders.o(i.Collision)
    DAC_Init                                 0x000007e1   Thumb Code    82  dac.o(i.DAC_Init)
    DAC_Out                                  0x00000841   Thumb Code     6  dac.o(i.DAC_Out)
    Delay100ms                               0x0000084d   Thumb Code    30  spaceinvaders.o(i.Delay100ms)
    Delay1ms                                 0x00000871   Thumb Code    32  st7735.o(i.Delay1ms)
    GameDraw                                 0x00000891   Thumb Code   362  spaceinvaders.o(i.GameDraw)
    GameInit                                 0x00000a11   Thumb Code   158  spaceinvaders.o(i.GameInit)
    GameMove                                 0x00000ae9   Thumb Code   754  spaceinvaders.o(i.GameMove)
    LCD_OutUDec                              0x00000e19   Thumb Code    18  spaceinvaders.o(i.LCD_OutUDec)
    Output_Init                              0x00000e31   Thumb Code    16  st7735.o(i.Output_Init)
    PLL_Init                                 0x00000e41   Thumb Code   118  pll.o(i.PLL_Init)
    PortE_Init                               0x00000ebd   Thumb Code    70  spaceinvaders.o(i.PortE_Init)
    Random250                                0x00000f0d   Thumb Code     8  spaceinvaders.o(i.Random250)
    ST7735_DrawBitmap                        0x00000f15   Thumb Code   280  st7735.o(i.ST7735_DrawBitmap)
    ST7735_DrawCharS                         0x00001035   Thumb Code   232  st7735.o(i.ST7735_DrawCharS)
    ST7735_DrawPixel                         0x00001129   Thumb Code    64  st7735.o(i.ST7735_DrawPixel)
    ST7735_DrawString                        0x00001171   Thumb Code    86  st7735.o(i.ST7735_DrawString)
    ST7735_FillRect                          0x000011c9   Thumb Code   164  st7735.o(i.ST7735_FillRect)
    ST7735_FillScreen                        0x00001275   Thumb Code    28  st7735.o(i.ST7735_FillScreen)
    ST7735_InitR                             0x00001299   Thumb Code    90  st7735.o(i.ST7735_InitR)
    ST7735_OutChar                           0x00001315   Thumb Code   174  st7735.o(i.ST7735_OutChar)
    ST7735_OutString                         0x000013e9   Thumb Code    24  st7735.o(i.ST7735_OutString)
    ST7735_SetCursor                         0x00001401   Thumb Code    22  st7735.o(i.ST7735_SetCursor)
    SoundTask                                0x00001421   Thumb Code    58  sound.o(i.SoundTask)
    Sound_Collected                          0x00001469   Thumb Code    14  sound.o(i.Sound_Collected)
    Sound_Init                               0x0000147d   Thumb Code    24  sound.o(i.Sound_Init)
    Sound_Jump                               0x0000149d   Thumb Code    14  sound.o(i.Sound_Jump)
    Sound_Play                               0x000014b1   Thumb Code    18  sound.o(i.Sound_Play)
    SysTickInit                              0x000014d1   Thumb Code    20  spaceinvaders.o(i.SysTickInit)
    SysTick_Handler                          0x000014e9   Thumb Code    14  spaceinvaders.o(i.SysTick_Handler)
    Timer0A_Handler                          0x000014fd   Thumb Code    16  timer0.o(i.Timer0A_Handler)
    Timer0_Init                              0x00001515   Thumb Code    76  timer0.o(i.Timer0_Init)
    Timer1A_Handler                          0x00001575   Thumb Code    16  timer1.o(i.Timer1A_Handler)
    Timer1_Init                              0x0000158d   Thumb Code    76  timer1.o(i.Timer1_Init)
    main                                     0x000017c9   Thumb Code   482  spaceinvaders.o(i.main)
    collected                                0x00001b04   Data        4973  sound.o(.constdata)
    jump                                     0x00002e71   Data        2885  sound.o(.constdata)
    white                                    0x000039b6   Data        7200  spaceinvaders.o(.constdata)
    COVID_model                              0x000055d6   Data        2376  spaceinvaders.o(.constdata)
    hornet                                   0x00005f1e   Data         360  spaceinvaders.o(.constdata)
    test_tube                                0x00006086   Data         360  spaceinvaders.o(.constdata)
    valvano                                  0x000061ee   Data         640  spaceinvaders.o(.constdata)
    valvano_jumping                          0x0000646e   Data        1404  spaceinvaders.o(.constdata)
    valvano_squatting                        0x000069ea   Data         720  spaceinvaders.o(.constdata)
    smallCircle                              0x0000729c   Data          36  st7735.o(.constdata)
    circle                                   0x000072c0   Data          60  st7735.o(.constdata)
    dBfs                                     0x000072fc   Data         512  st7735.o(.constdata)
    Region$$Table$$Base                      0x000074fc   Number         0  anon$$obj.o(Region$$Table)
    Region$$Table$$Limit                     0x0000751c   Number         0  anon$$obj.o(Region$$Table)
    PeriodicTask0                            0x20000000   Data           4  timer0.o(.data)
    PeriodicTask1                            0x20000004   Data           4  timer1.o(.data)
    Length                                   0x20000008   Data           4  sound.o(.data)
    SoundPt                                  0x2000000c   Data           4  sound.o(.data)
    score                                    0x20000010   Data           4  spaceinvaders.o(.data)
    duck_flag                                0x20000014   Data           4  spaceinvaders.o(.data)
    string_jump                              0x20000018   Data          40  spaceinvaders.o(.data)
    string_duck                              0x20000040   Data          40  spaceinvaders.o(.data)
    string_score                             0x20000068   Data          20  spaceinvaders.o(.data)
    game_over                                0x2000007c   Data          40  spaceinvaders.o(.data)
    your_score                               0x200000a4   Data          40  spaceinvaders.o(.data)
    play_again                               0x200000cc   Data          40  spaceinvaders.o(.data)
    pushbutton                               0x200000f4   Data          50  spaceinvaders.o(.data)
    moveflag                                 0x20000128   Data           4  spaceinvaders.o(.data)
    ADCflag                                  0x2000012c   Data           4  spaceinvaders.o(.data)
    lives                                    0x20000130   Data           4  spaceinvaders.o(.data)
    ADCdata                                  0x20000134   Data           4  spaceinvaders.o(.data)
    ShipDistance                             0x20000138   Data           4  spaceinvaders.o(.data)
    random                                   0x2000013c   Data           4  spaceinvaders.o(.data)
    language                                 0x20000140   Data           4  spaceinvaders.o(.data)
    jump_flag                                0x20000144   Data           4  spaceinvaders.o(.data)
    StX                                      0x20000148   Data           4  st7735.o(.data)
    StY                                      0x2000014c   Data           4  st7735.o(.data)
    StTextColor                              0x20000150   Data           2  st7735.o(.data)
    lastj                                    0x20000158   Data           4  st7735.o(.data)
    Messageindex                             0x20000160   Data           4  st7735.o(.data)
    Ymax                                     0x20000164   Data           4  st7735.o(.data)
    Ymin                                     0x20000168   Data           4  st7735.o(.data)
    X                                        0x2000016c   Data           4  st7735.o(.data)
    Yrange                                   0x20000170   Data           4  st7735.o(.data)
    String                                   0x20000178   Data          12  print.o(DATA)
    Virus                                    0x20000184   Data          56  spaceinvaders.o(.bss)
    Player                                   0x200001bc   Data          56  spaceinvaders.o(.bss)
    Cure                                     0x200001f4   Data          56  spaceinvaders.o(.bss)
    Hornet                                   0x2000022c   Data          56  spaceinvaders.o(.bss)
    __libspace_start                         0x20000264   Data          96  libspace.o(.bss)
    __temporary_stack_top$libspace           0x200002c4   Data           0  libspace.o(.bss)



==============================================================================

Memory Map of the image

  Image Entry point : 0x0000026d

  Load Region LR_1 (Base: 0x00000000, Size: 0x000076a0, Max: 0xffffffff, ABSOLUTE, COMPRESSED[0x000075e0])

    Execution Region ER_RO (Base: 0x00000000, Size: 0x0000751c, Max: 0xffffffff, ABSOLUTE)

    Base Addr    Size         Type   Attr      Idx    E Section Name        Object

    0x00000000   0x00000284   Code   RO            3  * RESET               startup.o
    0x00000284   0x00000008   Code   RO          562  * !!!main             c_w.l(__main.o)
    0x0000028c   0x00000034   Code   RO          718    !!!scatter          c_w.l(__scatter.o)
    0x000002c0   0x0000005a   Code   RO          716    !!dczerorl2         c_w.l(__dczerorl2.o)
    0x0000031a   0x00000002   PAD
    0x0000031c   0x0000001c   Code   RO          720    !!handler_zi        c_w.l(__scatter_zi.o)
    0x00000338   0x00000002   Code   RO          589    .ARM.Collect$$libinit$$00000000  c_w.l(libinit.o)
    0x0000033a   0x00000000   Code   RO          596    .ARM.Collect$$libinit$$00000002  c_w.l(libinit2.o)
    0x0000033a   0x00000000   Code   RO          599    .ARM.Collect$$libinit$$00000008  c_w.l(libinit2.o)
    0x0000033a   0x00000000   Code   RO          601    .ARM.Collect$$libinit$$0000000A  c_w.l(libinit2.o)
    0x0000033a   0x00000000   Code   RO          603    .ARM.Collect$$libinit$$0000000C  c_w.l(libinit2.o)
    0x0000033a   0x00000000   Code   RO          606    .ARM.Collect$$libinit$$0000000F  c_w.l(libinit2.o)
    0x0000033a   0x00000000   Code   RO          608    .ARM.Collect$$libinit$$00000011  c_w.l(libinit2.o)
    0x0000033a   0x00000000   Code   RO          610    .ARM.Collect$$libinit$$00000013  c_w.l(libinit2.o)
    0x0000033a   0x00000000   Code   RO          612    .ARM.Collect$$libinit$$00000015  c_w.l(libinit2.o)
    0x0000033a   0x00000000   Code   RO          614    .ARM.Collect$$libinit$$00000017  c_w.l(libinit2.o)
    0x0000033a   0x00000000   Code   RO          616    .ARM.Collect$$libinit$$00000019  c_w.l(libinit2.o)
    0x0000033a   0x00000000   Code   RO          618    .ARM.Collect$$libinit$$0000001B  c_w.l(libinit2.o)
    0x0000033a   0x00000000   Code   RO          620    .ARM.Collect$$libinit$$0000001D  c_w.l(libinit2.o)
    0x0000033a   0x00000000   Code   RO          622    .ARM.Collect$$libinit$$0000001F  c_w.l(libinit2.o)
    0x0000033a   0x00000000   Code   RO          624    .ARM.Collect$$libinit$$00000021  c_w.l(libinit2.o)
    0x0000033a   0x00000000   Code   RO          626    .ARM.Collect$$libinit$$00000023  c_w.l(libinit2.o)
    0x0000033a   0x00000000   Code   RO          630    .ARM.Collect$$libinit$$0000002A  c_w.l(libinit2.o)
    0x0000033a   0x00000000   Code   RO          632    .ARM.Collect$$libinit$$0000002C  c_w.l(libinit2.o)
    0x0000033a   0x00000000   Code   RO          634    .ARM.Collect$$libinit$$0000002E  c_w.l(libinit2.o)
    0x0000033a   0x00000000   Code   RO          636    .ARM.Collect$$libinit$$00000030  c_w.l(libinit2.o)
    0x0000033a   0x00000002   Code   RO          637    .ARM.Collect$$libinit$$00000031  c_w.l(libinit2.o)
    0x0000033c   0x00000002   Code   RO          657    .ARM.Collect$$libshutdown$$00000000  c_w.l(libshutdown.o)
    0x0000033e   0x00000000   Code   RO          671    .ARM.Collect$$libshutdown$$00000003  c_w.l(libshutdown2.o)
    0x0000033e   0x00000000   Code   RO          674    .ARM.Collect$$libshutdown$$00000006  c_w.l(libshutdown2.o)
    0x0000033e   0x00000000   Code   RO          677    .ARM.Collect$$libshutdown$$00000009  c_w.l(libshutdown2.o)
    0x0000033e   0x00000000   Code   RO          679    .ARM.Collect$$libshutdown$$0000000B  c_w.l(libshutdown2.o)
    0x0000033e   0x00000000   Code   RO          682    .ARM.Collect$$libshutdown$$0000000E  c_w.l(libshutdown2.o)
    0x0000033e   0x00000002   Code   RO          683    .ARM.Collect$$libshutdown$$0000000F  c_w.l(libshutdown2.o)
    0x00000340   0x00000000   Code   RO          564    .ARM.Collect$$rtentry$$00000000  c_w.l(rtentry.o)
    0x00000340   0x00000000   Code   RO          566    .ARM.Collect$$rtentry$$00000002  c_w.l(rtentry2.o)
    0x00000340   0x00000006   Code   RO          578    .ARM.Collect$$rtentry$$00000004  c_w.l(rtentry4.o)
    0x00000346   0x00000000   Code   RO          568    .ARM.Collect$$rtentry$$00000009  c_w.l(rtentry2.o)
    0x00000346   0x00000004   Code   RO          569    .ARM.Collect$$rtentry$$0000000A  c_w.l(rtentry2.o)
    0x0000034a   0x00000000   Code   RO          571    .ARM.Collect$$rtentry$$0000000C  c_w.l(rtentry2.o)
    0x0000034a   0x00000008   Code   RO          572    .ARM.Collect$$rtentry$$0000000D  c_w.l(rtentry2.o)
    0x00000352   0x00000002   Code   RO          593    .ARM.Collect$$rtexit$$00000000  c_w.l(rtexit.o)
    0x00000354   0x00000000   Code   RO          639    .ARM.Collect$$rtexit$$00000002  c_w.l(rtexit2.o)
    0x00000354   0x00000004   Code   RO          640    .ARM.Collect$$rtexit$$00000003  c_w.l(rtexit2.o)
    0x00000358   0x00000006   Code   RO          641    .ARM.Collect$$rtexit$$00000004  c_w.l(rtexit2.o)
    0x0000035e   0x00000002   PAD
    0x00000360   0x00000030   Code   RO            4    .text               startup.o
    0x00000390   0x00000040   Code   RO           13    .text               random.o
    0x000003d0   0x00000248   Code   RO          151    .text               print.o
    0x00000618   0x00000006   Code   RO          560    .text               c_w.l(heapauxi.o)
    0x0000061e   0x0000004a   Code   RO          580    .text               c_w.l(sys_stackheap_outer.o)
    0x00000668   0x0000000c   Code   RO          582    .text               c_w.l(exit.o)
    0x00000674   0x00000008   Code   RO          590    .text               c_w.l(libspace.o)
    0x0000067c   0x0000000c   Code   RO          649    .text               c_w.l(sys_exit.o)
    0x00000688   0x00000002   Code   RO          660    .text               c_w.l(use_no_semi.o)
    0x0000068a   0x00000000   Code   RO          662    .text               c_w.l(indicate_semi.o)
    0x0000068a   0x00000002   PAD
    0x0000068c   0x0000000c   Code   RO          154    i.ADC               spaceinvaders.o
    0x00000698   0x0000002c   Code   RO           38    i.ADC0_In           adc.o
    0x000006c4   0x000000ec   Code   RO           39    i.ADC0_Init         adc.o
    0x000007b0   0x0000002e   Code   RO          155    i.Collision         spaceinvaders.o
    0x000007de   0x00000002   PAD
    0x000007e0   0x00000060   Code   RO           16    i.DAC_Init          dac.o
    0x00000840   0x0000000c   Code   RO           17    i.DAC_Out           dac.o
    0x0000084c   0x00000024   Code   RO          156    i.Delay100ms        spaceinvaders.o
    0x00000870   0x00000020   Code   RO          256    i.Delay1ms          st7735.o
    0x00000890   0x00000180   Code   RO          157    i.GameDraw          spaceinvaders.o
    0x00000a10   0x000000d8   Code   RO          158    i.GameInit          spaceinvaders.o
    0x00000ae8   0x00000330   Code   RO          159    i.GameMove          spaceinvaders.o
    0x00000e18   0x00000018   Code   RO          161    i.LCD_OutUDec       spaceinvaders.o
    0x00000e30   0x00000010   Code   RO          259    i.Output_Init       st7735.o
    0x00000e40   0x0000007c   Code   RO          546    i.PLL_Init          pll.o
    0x00000ebc   0x00000050   Code   RO          162    i.PortE_Init        spaceinvaders.o
    0x00000f0c   0x00000008   Code   RO          163    i.Random250         spaceinvaders.o
    0x00000f14   0x00000120   Code   RO          263    i.ST7735_DrawBitmap  st7735.o
    0x00001034   0x000000f4   Code   RO          265    i.ST7735_DrawCharS  st7735.o
    0x00001128   0x00000048   Code   RO          269    i.ST7735_DrawPixel  st7735.o
    0x00001170   0x00000056   Code   RO          271    i.ST7735_DrawString  st7735.o
    0x000011c6   0x00000002   PAD
    0x000011c8   0x000000ac   Code   RO          272    i.ST7735_FillRect   st7735.o
    0x00001274   0x00000024   Code   RO          273    i.ST7735_FillScreen  st7735.o
    0x00001298   0x0000007c   Code   RO          275    i.ST7735_InitR      st7735.o
    0x00001314   0x000000d4   Code   RO          277    i.ST7735_OutChar    st7735.o
    0x000013e8   0x00000018   Code   RO          278    i.ST7735_OutString  st7735.o
    0x00001400   0x00000020   Code   RO          288    i.ST7735_SetCursor  st7735.o
    0x00001420   0x00000048   Code   RO          101    i.SoundTask         sound.o
    0x00001468   0x00000014   Code   RO          102    i.Sound_Collected   sound.o
    0x0000147c   0x00000020   Code   RO          104    i.Sound_Init        sound.o
    0x0000149c   0x00000014   Code   RO          105    i.Sound_Jump        sound.o
    0x000014b0   0x00000020   Code   RO          106    i.Sound_Play        sound.o
    0x000014d0   0x00000018   Code   RO          164    i.SysTickInit       spaceinvaders.o
    0x000014e8   0x00000014   Code   RO          165    i.SysTick_Handler   spaceinvaders.o
    0x000014fc   0x00000018   Code   RO           56    i.Timer0A_Handler   timer0.o
    0x00001514   0x00000060   Code   RO           57    i.Timer0_Init       timer0.o
    0x00001574   0x00000018   Code   RO           80    i.Timer1A_Handler   timer1.o
    0x0000158c   0x00000060   Code   RO           81    i.Timer1_Init       timer1.o
    0x000015ec   0x00000056   Code   RO          292    i.commandList       st7735.o
    0x00001642   0x00000002   PAD
    0x00001644   0x00000184   Code   RO          293    i.commonInit        st7735.o
    0x000017c8   0x0000025c   Code   RO          166    i.main              spaceinvaders.o
    0x00001a24   0x00000012   Code   RO          299    i.pushColor         st7735.o
    0x00001a36   0x00000002   PAD
    0x00001a38   0x00000074   Code   RO          300    i.setAddrWindow     st7735.o
    0x00001aac   0x00000038   Code   RO          301    i.writecommand      st7735.o
    0x00001ae4   0x00000020   Code   RO          302    i.writedata         st7735.o
    0x00001b04   0x00001eb2   Data   RO          107    .constdata          sound.o
    0x000039b6   0x00003304   Data   RO          168    .constdata          spaceinvaders.o
    0x00006cba   0x00000842   Data   RO          304    .constdata          st7735.o
    0x000074fc   0x00000020   Data   RO          714    Region$$Table       anon$$obj.o


    Execution Region ER_RW (Base: 0x20000000, Size: 0x00000184, Max: 0xffffffff, ABSOLUTE, COMPRESSED[0x000000c4])

    Base Addr    Size         Type   Attr      Idx    E Section Name        Object

    0x20000000   0x00000004   Data   RW           58    .data               timer0.o
    0x20000004   0x00000004   Data   RW           82    .data               timer1.o
    0x20000008   0x00000008   Data   RW          108    .data               sound.o
    0x20000010   0x00000138   Data   RW          169    .data               spaceinvaders.o
    0x20000148   0x0000002c   Data   RW          305    .data               st7735.o
    0x20000174   0x00000004   Data   RW           12    DATA                random.o
    0x20000178   0x0000000c   Data   RW          150    DATA                print.o


    Execution Region ER_ZI (Base: 0x20000184, Size: 0x00000544, Max: 0xffffffff, ABSOLUTE)

    Base Addr    Size         Type   Attr      Idx    E Section Name        Object

    0x20000184   0x000000e0   Zero   RW          167    .bss                spaceinvaders.o
    0x20000264   0x00000060   Zero   RW          591    .bss                c_w.l(libspace.o)
    0x200002c4   0x00000004   PAD
    0x200002c8   0x00000000   Zero   RW            2    HEAP                startup.o
    0x200002c8   0x00000400   Zero   RW            1    STACK               startup.o


==============================================================================

Image component sizes


      Code (inc. data)   RO Data    RW Data    ZI Data      Debug   Object Name

       280         38          0          0          0        790   adc.o
       108         20          0          0          0       2233   dac.o
       124          6          0          0          0        407   pll.o
       584          4          0         12          0        324   print.o
        64         14          0          4          0        192   random.o
       176         48       7858          8          0       2517   sound.o
      2270        300      13060        312        224       8637   spaceinvaders.o
      2034        202       2114         44          0      12899   st7735.o
       692        632          0          0       1024        884   startup.o
       120         28          0          4          0       4008   timer0.o
       120         28          0          4          0       1240   timer1.o

    ----------------------------------------------------------------------
      6580       1320      23064        388       1248      34131   Object Totals
         0          0         32          0          0          0   (incl. Generated)
         8          0          0          0          0          0   (incl. Padding)

    ----------------------------------------------------------------------

      Code (inc. data)   RO Data    RW Data    ZI Data      Debug   Library Member Name

        90          0          0          0          0          0   __dczerorl2.o
         8          0          0          0          0         68   __main.o
        52          8          0          0          0          0   __scatter.o
        28          0          0          0          0          0   __scatter_zi.o
        12          0          0          0          0         72   exit.o
         6          0          0          0          0        152   heapauxi.o
         0          0          0          0          0          0   indicate_semi.o
         2          0          0          0          0          0   libinit.o
         2          0          0          0          0          0   libinit2.o
         2          0          0          0          0          0   libshutdown.o
         2          0          0          0          0          0   libshutdown2.o
         8          4          0          0         96         68   libspace.o
         0          0          0          0          0          0   rtentry.o
        12          0          0          0          0          0   rtentry2.o
         6          0          0          0          0          0   rtentry4.o
         2          0          0          0          0          0   rtexit.o
        10          0          0          0          0          0   rtexit2.o
        12          4          0          0          0         68   sys_exit.o
        74          0          0          0          0         80   sys_stackheap_outer.o
         2          0          0          0          0         68   use_no_semi.o

    ----------------------------------------------------------------------
       336         16          0          0        100        576   Library Totals
         6          0          0          0          4          0   (incl. Padding)

    ----------------------------------------------------------------------

      Code (inc. data)   RO Data    RW Data    ZI Data      Debug   Library Name

       330         16          0          0         96        576   c_w.l

    ----------------------------------------------------------------------
       336         16          0          0        100        576   Library Totals

    ----------------------------------------------------------------------

==============================================================================


      Code (inc. data)   RO Data    RW Data    ZI Data      Debug   

      6916       1336      23064        388       1348      32263   Grand Totals
      6916       1336      23064        196       1348      32263   ELF Image Totals (compressed)
      6916       1336      23064        196          0          0   ROM Totals

==============================================================================

    Total RO  Size (Code + RO Data)                29980 (  29.28kB)
    Total RW  Size (RW Data + ZI Data)              1736 (   1.70kB)
    Total ROM Size (Code + RO Data + RW Data)      30176 (  29.47kB)

==============================================================================

