<html>
<body>
<pre>
<h1>µVision Build Log</h1>
<h2>Project:</h2>
C:\Users\benhu\Documents\GitHub\EE319K_Game\SpaceInvaders.uvproj
Project File Date:  11/20/2020

<h2>Output:</h2>
Build target 'SpaceInvaders'
compiling SpaceInvaders.c...
linking...
Program Size: Code=5532 RO-data=5720 RW-data=88 ZI-data=2112  
".\SpaceInvaders.axf" - 0 Error(s), 0 Warning(s).

Load "C:\\Users\\benhu\\Documents\\GitHub\\EE319K_Game\\SpaceInvaders.axf" 
Connecting: Mode=JTAG, Speed=1000000Hz
Erase Done.
Programming Done.
Verify OK.
nts\\GitHub\\EE319K_Game\\SpaceInvaders.axf" 
Connecting: Mode=JTAG, Speed=1000000Hz
Erase Done.
Programming Done.
Verify OK.
#177-D: variable "now" was declared but never referenced
        unsigned long last, now;
SpaceInvaders.c: 2 warnings, 0 errors
".\SpaceInvaders.axf" - 1 Error(s), 2 Warning(s).
Target not created
