<html>
<body>
<pre>
<h1>µVision Build Log</h1>
<h2>Project:</h2>
C:\Users\benhu\Documents\GitHub\EE319K_Game\SpaceInvaders.uvproj
Project File Date:  11/20/2020

<h2>Output:</h2>
Build target 'SpaceInvaders'
linking...
Program Size: Code=5548 RO-data=15452 RW-data=96 ZI-data=1344  
".\SpaceInvaders.axf" - 0 Error(s), 0 Warning(s).
Load "C:\\Users\\benhu\\Documents\\GitHub\\EE319K_Game\\SpaceInvaders.axf" 
Connecting: Mode=JTAG, Speed=1000000Hz
Erase Done.
Programming Done.
Verify OK.
rogramming Done.
Verify OK.
compiling SpaceInvaders.c...
"SpaceInvaders.c" - 0 Error(s), 0 Warning(s).
