<html>
<body>
<pre>
<h1>µVision Build Log</h1>
<h2>Project:</h2>
C:\Users\benhu\Documents\GitHub\EE319K_Game\Twenty20.uvproj
Project File Date:  12/10/2020

<h2>Output:</h2>
Build target 'Twenty20'
compiling Twenty20.c...
linking...
Program Size: Code=6916 RO-data=23064 RW-data=388 ZI-data=1348  
".\Twenty20.axf" - 0 Error(s), 0 Warning(s).
</pre>
</body>
</html>
...
compiling ST7735.c...
compiling PLL.c...
compiling Twenty20.c...
linking...
Program Size: Code=6916 RO-data=23064 RW-data=388 ZI-data=1348  
".\Twenty20.axf" - 0 Error(s), 0 Warning(s).
